../Core/Src/u_sensor.c:67:5:main	8	static
../Core/Src/u_sensor.c:148:6:initGPIO	4	static
../Core/Src/u_sensor.c:205:6:initUSART2	4	static
../Core/Src/u_sensor.c:224:6:initUSART3	4	static
../Core/Src/u_sensor.c:243:6:initUART5	4	static
../Core/Src/u_sensor.c:261:6:uart_tx_byte	16	static
../Core/Src/u_sensor.c:272:5:uart_rx_byte	32	static
../Core/Src/u_sensor.c:291:6:uart_flush_rx	24	static
../Core/Src/u_sensor.c:303:6:uart_clear_errors	16	static
../Core/Src/u_sensor.c:313:5:read_sensor	32	static
../Core/Src/u_sensor.c:347:9:check_object_in_range	16	static
../Core/Src/u_sensor.c:355:6:trigger_raspberry_pi	8	static
../Core/Src/u_sensor.c:364:6:clear_raspberry_pi_trigger	8	static
../Core/Src/u_sensor.c:373:9:is_pi_done	4	static
../Core/Src/u_sensor.c:389:6:process_object_detection	32	static
