../Core/Src/u_sensor.c:67:5:main	2
../Core/Src/u_sensor.c:148:6:initGPIO	1
../Core/Src/u_sensor.c:205:6:initUSART2	1
../Core/Src/u_sensor.c:224:6:initUSART3	1
../Core/Src/u_sensor.c:243:6:initUART5	1
../Core/Src/u_sensor.c:261:6:uart_tx_byte	3
../Core/Src/u_sensor.c:272:5:uart_rx_byte	3
../Core/Src/u_sensor.c:291:6:uart_flush_rx	2
../Core/Src/u_sensor.c:303:6:uart_clear_errors	1
../Core/Src/u_sensor.c:313:5:read_sensor	7
../Core/Src/u_sensor.c:347:9:check_object_in_range	3
../Core/Src/u_sensor.c:355:6:trigger_raspberry_pi	1
../Core/Src/u_sensor.c:364:6:clear_raspberry_pi_trigger	1
../Core/Src/u_sensor.c:373:9:is_pi_done	1
../Core/Src/u_sensor.c:389:6:process_object_detection	13
