Archive member included to satisfy reference by file (symbol)

C:\Users\nikiemao\STM32CubeIDE\workspace_1.14.1\msoe_lib_arch\msoe_lib\Debug\libmsoe_lib.a(msoe_clk_setup.o)
                              ./Core/Src/basic_int.o (msoe_clk_setup)
C:\Users\nikiemao\STM32CubeIDE\workspace_1.14.1\msoe_lib_arch\msoe_lib\Debug\libmsoe_lib.a(msoe_stm_delay.o)
                              ./Core/Src/basic_int.o (msoe_delay_init)
C:/ST/STM32CubeIDE/STM32CubeIDE/plugins/com.st.stm32cube.ide.mcu.externaltools.gnu-tools-for-stm32.11.3.rel1.win32_1.1.100.202309141235/tools/bin/../lib/gcc/arm-none-eabi/11.3.1/../../../../arm-none-eabi/lib/thumb/v8-m.main+fp/hard\libc_nano.a(libc_a-exit.o)
                              C:/ST/STM32CubeIDE/STM32CubeIDE/plugins/com.st.stm32cube.ide.mcu.externaltools.gnu-tools-for-stm32.11.3.rel1.win32_1.1.100.202309141235/tools/bin/../lib/gcc/arm-none-eabi/11.3.1/../../../../arm-none-eabi/lib/thumb/v8-m.main+fp/hard/crt0.o (exit)
C:/ST/STM32CubeIDE/STM32CubeIDE/plugins/com.st.stm32cube.ide.mcu.externaltools.gnu-tools-for-stm32.11.3.rel1.win32_1.1.100.202309141235/tools/bin/../lib/gcc/arm-none-eabi/11.3.1/../../../../arm-none-eabi/lib/thumb/v8-m.main+fp/hard\libc_nano.a(libc_a-findfp.o)
                              C:/ST/STM32CubeIDE/STM32CubeIDE/plugins/com.st.stm32cube.ide.mcu.externaltools.gnu-tools-for-stm32.11.3.rel1.win32_1.1.100.202309141235/tools/bin/../lib/gcc/arm-none-eabi/11.3.1/../../../../arm-none-eabi/lib/thumb/v8-m.main+fp/hard\libc_nano.a(libc_a-exit.o) (__stdio_exit_handler)
C:/ST/STM32CubeIDE/STM32CubeIDE/plugins/com.st.stm32cube.ide.mcu.externaltools.gnu-tools-for-stm32.11.3.rel1.win32_1.1.100.202309141235/tools/bin/../lib/gcc/arm-none-eabi/11.3.1/../../../../arm-none-eabi/lib/thumb/v8-m.main+fp/hard\libc_nano.a(libc_a-fwalk.o)
                              C:/ST/STM32CubeIDE/STM32CubeIDE/plugins/com.st.stm32cube.ide.mcu.externaltools.gnu-tools-for-stm32.11.3.rel1.win32_1.1.100.202309141235/tools/bin/../lib/gcc/arm-none-eabi/11.3.1/../../../../arm-none-eabi/lib/thumb/v8-m.main+fp/hard\libc_nano.a(libc_a-findfp.o) (_fwalk_sglue)
C:/ST/STM32CubeIDE/STM32CubeIDE/plugins/com.st.stm32cube.ide.mcu.externaltools.gnu-tools-for-stm32.11.3.rel1.win32_1.1.100.202309141235/tools/bin/../lib/gcc/arm-none-eabi/11.3.1/../../../../arm-none-eabi/lib/thumb/v8-m.main+fp/hard\libc_nano.a(libc_a-stdio.o)
                              C:/ST/STM32CubeIDE/STM32CubeIDE/plugins/com.st.stm32cube.ide.mcu.externaltools.gnu-tools-for-stm32.11.3.rel1.win32_1.1.100.202309141235/tools/bin/../lib/gcc/arm-none-eabi/11.3.1/../../../../arm-none-eabi/lib/thumb/v8-m.main+fp/hard\libc_nano.a(libc_a-findfp.o) (__sread)
C:/ST/STM32CubeIDE/STM32CubeIDE/plugins/com.st.stm32cube.ide.mcu.externaltools.gnu-tools-for-stm32.11.3.rel1.win32_1.1.100.202309141235/tools/bin/../lib/gcc/arm-none-eabi/11.3.1/../../../../arm-none-eabi/lib/thumb/v8-m.main+fp/hard\libc_nano.a(libc_a-memset.o)
                              C:/ST/STM32CubeIDE/STM32CubeIDE/plugins/com.st.stm32cube.ide.mcu.externaltools.gnu-tools-for-stm32.11.3.rel1.win32_1.1.100.202309141235/tools/bin/../lib/gcc/arm-none-eabi/11.3.1/../../../../arm-none-eabi/lib/thumb/v8-m.main+fp/hard/crt0.o (memset)
C:/ST/STM32CubeIDE/STM32CubeIDE/plugins/com.st.stm32cube.ide.mcu.externaltools.gnu-tools-for-stm32.11.3.rel1.win32_1.1.100.202309141235/tools/bin/../lib/gcc/arm-none-eabi/11.3.1/../../../../arm-none-eabi/lib/thumb/v8-m.main+fp/hard\libc_nano.a(libc_a-closer.o)
                              C:/ST/STM32CubeIDE/STM32CubeIDE/plugins/com.st.stm32cube.ide.mcu.externaltools.gnu-tools-for-stm32.11.3.rel1.win32_1.1.100.202309141235/tools/bin/../lib/gcc/arm-none-eabi/11.3.1/../../../../arm-none-eabi/lib/thumb/v8-m.main+fp/hard\libc_nano.a(libc_a-stdio.o) (_close_r)
C:/ST/STM32CubeIDE/STM32CubeIDE/plugins/com.st.stm32cube.ide.mcu.externaltools.gnu-tools-for-stm32.11.3.rel1.win32_1.1.100.202309141235/tools/bin/../lib/gcc/arm-none-eabi/11.3.1/../../../../arm-none-eabi/lib/thumb/v8-m.main+fp/hard\libc_nano.a(libc_a-reent.o)
                              C:/ST/STM32CubeIDE/STM32CubeIDE/plugins/com.st.stm32cube.ide.mcu.externaltools.gnu-tools-for-stm32.11.3.rel1.win32_1.1.100.202309141235/tools/bin/../lib/gcc/arm-none-eabi/11.3.1/../../../../arm-none-eabi/lib/thumb/v8-m.main+fp/hard\libc_nano.a(libc_a-closer.o) (errno)
C:/ST/STM32CubeIDE/STM32CubeIDE/plugins/com.st.stm32cube.ide.mcu.externaltools.gnu-tools-for-stm32.11.3.rel1.win32_1.1.100.202309141235/tools/bin/../lib/gcc/arm-none-eabi/11.3.1/../../../../arm-none-eabi/lib/thumb/v8-m.main+fp/hard\libc_nano.a(libc_a-impure.o)
                              C:/ST/STM32CubeIDE/STM32CubeIDE/plugins/com.st.stm32cube.ide.mcu.externaltools.gnu-tools-for-stm32.11.3.rel1.win32_1.1.100.202309141235/tools/bin/../lib/gcc/arm-none-eabi/11.3.1/../../../../arm-none-eabi/lib/thumb/v8-m.main+fp/hard\libc_nano.a(libc_a-reent.o) (_impure_ptr)
[...]
Memory Configuration

Name             Origin             Length             Attributes
RAM              0x0000000020000000 0x00000000000c0000 xrw
SRAM4            0x0000000028000000 0x0000000000004000 xrw
FLASH            0x0000000008000000 0x0000000000200000 xr
*default*        0x0000000000000000 0xffffffffffffffff

Linker script and memory map

LOAD C:/ST/STM32CubeIDE/STM32CubeIDE/plugins/com.st.stm32cube.ide.mcu.externaltools.gnu-tools-for-stm32.11.3.rel1.win32_1.1.100.202309141235/tools/bin/../lib/gcc/arm-none-eabi/11.3.1/thumb/v8-m.main+fp/hard/crti.o
LOAD C:/ST/STM32CubeIDE/STM32CubeIDE/plugins/com.st.stm32cube.ide.mcu.externaltools.gnu-tools-for-stm32.11.3.rel1.win32_1.1.100.202309141235/tools/bin/../lib/gcc/arm-none-eabi/11.3.1/thumb/v8-m.main+fp/hard/crtbegin.o
LOAD C:/ST/STM32CubeIDE/STM32CubeIDE/plugins/com.st.stm32cube.ide.mcu.externaltools.gnu-tools-for-stm32.11.3.rel1.win32_1.1.100.202309141235/tools/bin/../lib/gcc/arm-none-eabi/11.3.1/../../../../arm-none-eabi/lib/thumb/v8-m.main+fp/hard/crt0.o
LOAD ./Core/Src/basic_int.o
LOAD ./Core/Src/stm32u5xx_hal_msp.o
LOAD ./Core/Src/stm32u5xx_it.o
LOAD ./Core/Src/syscalls.o
LOAD ./Core/Src/sysmem.o
LOAD ./Core/Src/system_stm32u5xx.o
LOAD ./Core/Startup/startup_stm32u575zitxq.o
LOAD ./Drivers/STM32U5xx_HAL_Driver/Src/stm32u5xx_hal.o
LOAD ./Drivers/STM32U5xx_HAL_Driver/Src/stm32u5xx_hal_adc.o
LOAD ./Drivers/STM32U5xx_HAL_Driver/Src/stm32u5xx_hal_adc_ex.o
LOAD ./Drivers/STM32U5xx_HAL_Driver/Src/stm32u5xx_hal_cortex.o
LOAD ./Drivers/STM32U5xx_HAL_Driver/Src/stm32u5xx_hal_dma.o
LOAD ./Drivers/STM32U5xx_HAL_Driver/Src/stm32u5xx_hal_dma_ex.o
LOAD ./Drivers/STM32U5xx_HAL_Driver/Src/stm32u5xx_hal_exti.o
LOAD ./Drivers/STM32U5xx_HAL_Driver/Src/stm32u5xx_hal_flash.o
LOAD ./Drivers/STM32U5xx_HAL_Driver/Src/stm32u5xx_hal_flash_ex.o
LOAD ./Drivers/STM32U5xx_HAL_Driver/Src/stm32u5xx_hal_gpio.o
LOAD ./Drivers/STM32U5xx_HAL_Driver/Src/stm32u5xx_hal_gtzc.o
LOAD ./Drivers/STM32U5xx_HAL_Driver/Src/stm32u5xx_hal_i2c.o
LOAD ./Drivers/STM32U5xx_HAL_Driver/Src/stm32u5xx_hal_i2c_ex.o
LOAD ./Drivers/STM32U5xx_HAL_Driver/Src/stm32u5xx_hal_icache.o
LOAD ./Drivers/STM32U5xx_HAL_Driver/Src/stm32u5xx_hal_pcd.o
LOAD ./Drivers/STM32U5xx_HAL_Driver/Src/stm32u5xx_hal_pcd_ex.o
LOAD ./Drivers/STM32U5xx_HAL_Driver/Src/stm32u5xx_hal_pwr.o
LOAD ./Drivers/STM32U5xx_HAL_Driver/Src/stm32u5xx_hal_pwr_ex.o
LOAD ./Drivers/STM32U5xx_HAL_Driver/Src/stm32u5xx_hal_rcc.o
LOAD ./Drivers/STM32U5xx_HAL_Driver/Src/stm32u5xx_hal_rcc_ex.o
LOAD ./Drivers/STM32U5xx_HAL_Driver/Src/stm32u5xx_hal_tim.o
LOAD ./Drivers/STM32U5xx_HAL_Driver/Src/stm32u5xx_hal_tim_ex.o
LOAD ./Drivers/STM32U5xx_HAL_Driver/Src/stm32u5xx_hal_uart.o
LOAD ./Drivers/STM32U5xx_HAL_Driver/Src/stm32u5xx_hal_uart_ex.o
LOAD ./Drivers/STM32U5xx_HAL_Driver/Src/stm32u5xx_ll_dma.o
LOAD ./Drivers/STM32U5xx_HAL_Driver/Src/stm32u5xx_ll_exti.o
LOAD ./Drivers/STM32U5xx_HAL_Driver/Src/stm32u5xx_ll_gpio.o
LOAD ./Drivers/STM32U5xx_HAL_Driver/Src/stm32u5xx_ll_lpgpio.o
LOAD ./Drivers/STM32U5xx_HAL_Driver/Src/stm32u5xx_ll_ucpd.o
LOAD ./Drivers/STM32U5xx_HAL_Driver/Src/stm32u5xx_ll_usb.o
LOAD ./Drivers/STM32U5xx_HAL_Driver/Src/stm32u5xx_ll_utils.o
LOAD C:\Users\nikiemao\STM32CubeIDE\workspace_1.14.1\msoe_lib_arch\msoe_lib\Debug\libmsoe_lib.a
START GROUP
LOAD C:/ST/STM32CubeIDE/STM32CubeIDE/plugins/com.st.stm32cube.ide.mcu.externaltools.gnu-tools-for-stm32.11.3.rel1.win32_1.1.100.202309141235/tools/bin/../lib/gcc/arm-none-eabi/11.3.1/../../../../arm-none-eabi/lib/thumb/v8-m.main+fp/hard\libc_nano.a
LOAD C:/ST/STM32CubeIDE/STM32CubeIDE/plugins/com.st.stm32cube.ide.mcu.externaltools.gnu-tools-for-stm32.11.3.rel1.win32_1.1.100.202309141235/tools/bin/../lib/gcc/arm-none-eabi/11.3.1/../../../../arm-none-eabi/lib/thumb/v8-m.main+fp/hard\libm.a
END GROUP
START GROUP
LOAD C:/ST/STM32CubeIDE/STM32CubeIDE/plugins/com.st.stm32cube.ide.mcu.externaltools.gnu-tools-for-stm32.11.3.rel1.win32_1.1.100.202309141235/tools/bin/../lib/gcc/arm-none-eabi/11.3.1/thumb/v8-m.main+fp/hard\libgcc.a
LOAD C:/ST/STM32CubeIDE/STM32CubeIDE/plugins/com.st.stm32cube.ide.mcu.externaltools.gnu-tools-for-stm32.11.3.rel1.win32_1.1.100.202309141235/tools/bin/../lib/gcc/arm-none-eabi/11.3.1/../../../../arm-none-eabi/lib/thumb/v8-m.main+fp/hard\libc_nano.a
END GROUP
START GROUP
LOAD C:/ST/STM32CubeIDE/STM32CubeIDE/plugins/com.st.stm32cube.ide.mcu.externaltools.gnu-tools-for-stm32.11.3.rel1.win32_1.1.100.202309141235/tools/bin/../lib/gcc/arm-none-eabi/11.3.1/thumb/v8-m.main+fp/hard\libgcc.a
LOAD C:/ST/STM32CubeIDE/STM32CubeIDE/plugins/com.st.stm32cube.ide.mcu.externaltools.gnu-tools-for-stm32.11.3.rel1.win32_1.1.100.202309141235/tools/bin/../lib/gcc/arm-none-eabi/11.3.1/../../../../arm-none-eabi/lib/thumb/v8-m.main+fp/hard\libc_nano.a
LOAD C:/ST/STM32CubeIDE/STM32CubeIDE/plugins/com.st.stm32cube.ide.mcu.externaltools.gnu-tools-for-stm32.11.3.rel1.win32_1.1.100.202309141235/tools/bin/../lib/gcc/arm-none-eabi/11.3.1/../../../../arm-none-eabi/lib/thumb/v8-m.main+fp/hard\libnosys.a
END GROUP
START GROUP
LOAD C:/ST/STM32CubeIDE/STM32CubeIDE/plugins/com.st.stm32cube.ide.mcu.externaltools.gnu-tools-for-stm32.11.3.rel1.win32_1.1.100.202309141235/tools/bin/../lib/gcc/arm-none-eabi/11.3.1/thumb/v8-m.main+fp/hard\libgcc.a
LOAD C:/ST/STM32CubeIDE/STM32CubeIDE/plugins/com.st.stm32cube.ide.mcu.externaltools.gnu-tools-for-stm32.11.3.rel1.win32_1.1.100.202309141235/tools/bin/../lib/gcc/arm-none-eabi/11.3.1/../../../../arm-none-eabi/lib/thumb/v8-m.main+fp/hard\libc_nano.a
LOAD C:/ST/STM32CubeIDE/STM32CubeIDE/plugins/com.st.stm32cube.ide.mcu.externaltools.gnu-tools-for-stm32.11.3.rel1.win32_1.1.100.202309141235/tools/bin/../lib/gcc/arm-none-eabi/11.3.1/../../../../arm-none-eabi/lib/thumb/v8-m.main+fp/hard\libnosys.a
END GROUP
LOAD C:/ST/STM32CubeIDE/STM32CubeIDE/plugins/com.st.stm32cube.ide.mcu.externaltools.gnu-tools-for-stm32.11.3.rel1.win32_1.1.100.202309141235/tools/bin/../lib/gcc/arm-none-eabi/11.3.1/thumb/v8-m.main+fp/hard/crtend.o
LOAD C:/ST/STM32CubeIDE/STM32CubeIDE/plugins/com.st.stm32cube.ide.mcu.externaltools.gnu-tools-for-stm32.11.3.rel1.win32_1.1.100.202309141235/tools/bin/../lib/gcc/arm-none-eabi/11.3.1/thumb/v8-m.main+fp/hard/crtn.o
                0x00000000200c0000                _estack = (ORIGIN (RAM) + LENGTH (RAM))
                0x0000000000000200                _Min_Heap_Size = 0x200
                0x0000000000000400                _Min_Stack_Size = 0x400

.isr_vector     0x0000000008000000      0x238
 *(.isr_vector)
 .isr_vector    0x0000000008000000      0x238 ./Core/Startup/startup_stm32u575zitxq.o
                0x0000000008000000                g_pfnVectors

.text           0x0000000008000238      0x510
 *(.text)
 .text          0x0000000008000238       0x40 C:/ST/STM32CubeIDE/STM32CubeIDE/plugins/com.st.stm32cube.ide.mcu.externaltools.gnu-tools-for-stm32.11.3.rel1.win32_1.1.100.202309141235/tools/bin/../lib/gcc/arm-none-eabi/11.3.1/thumb/v8-m.main+fp/hard/crtbegin.o
 *(.text*)
 .text.main     0x0000000008000278       0x78 ./Core/Src/basic_int.o
                0x0000000008000278                main
 .text.initPorts
                0x00000000080002f0       0x94 ./Core/Src/basic_int.o
                0x00000000080002f0                initPorts
 .text.NMI_Handler
                0x0000000008000384        0x6 ./Core/Src/stm32u5xx_it.o
                0x0000000008000384                NMI_Handler
 .text.HardFault_Handler
                0x000000000800038a        0x6 ./Core/Src/stm32u5xx_it.o
                0x000000000800038a                HardFault_Handler
 .text.MemManage_Handler
                0x0000000008000390        0x6 ./Core/Src/stm32u5xx_it.o
                0x0000000008000390                MemManage_Handler
 .text.BusFault_Handler
                0x0000000008000396        0x6 ./Core/Src/stm32u5xx_it.o
                0x0000000008000396                BusFault_Handler
 .text.UsageFault_Handler
                0x000000000800039c        0x6 ./Core/Src/stm32u5xx_it.o
                0x000000000800039c                UsageFault_Handler
 .text.SVC_Handler
                0x00000000080003a2        0xe ./Core/Src/stm32u5xx_it.o
                0x00000000080003a2                SVC_Handler
 .text.DebugMon_Handler
                0x00000000080003b0        0xe ./Core/Src/stm32u5xx_it.o
                0x00000000080003b0                DebugMon_Handler
 .text.PendSV_Handler
                0x00000000080003be        0xe ./Core/Src/stm32u5xx_it.o
                0x00000000080003be                PendSV_Handler
 .text.SysTick_Handler
                0x00000000080003cc        0xc ./Core/Src/stm32u5xx_it.o
                0x00000000080003cc                SysTick_Handler
 .text.EXTI13_IRQHandler
                0x00000000080003d8       0x28 ./Core/Src/stm32u5xx_it.o
                0x00000000080003d8                EXTI13_IRQHandler
 .text.SystemInit
                0x0000000008000400       0x70 ./Core/Src/system_stm32u5xx.o
                0x0000000008000400                SystemInit
 .text.Reset_Handler
                0x0000000008000470       0x50 ./Core/Startup/startup_stm32u575zitxq.o
                0x0000000008000470                Reset_Handler
 .text.Default_Handler
                0x00000000080004c0        0x2 ./Core/Startup/startup_stm32u575zitxq.o
                0x00000000080004c0                EXTI2_IRQHandler
                0x00000000080004c0                TIM8_TRG_COM_IRQHandler
                0x00000000080004c0                TIM8_CC_IRQHandler
                0x00000000080004c0                EXTI5_IRQHandler
                0x00000000080004c0                FLASH_S_IRQHandler
                0x00000000080004c0                TIM1_CC_IRQHandler
                0x00000000080004c0                TSC_IRQHandler
                0x00000000080004c0                TAMP_IRQHandler
                0x00000000080004c0                TIM6_IRQHandler
                0x00000000080004c0                EXTI12_IRQHandler
                0x00000000080004c0                CORDIC_IRQHandler
                0x00000000080004c0                EXTI3_IRQHandler
                0x00000000080004c0                LPTIM4_IRQHandler
                0x00000000080004c0                GPDMA1_Channel5_IRQHandler
                0x00000000080004c0                EXTI8_IRQHandler
                0x00000000080004c0                LPTIM2_IRQHandler
                0x00000000080004c0                I2C3_ER_IRQHandler
                0x00000000080004c0                PWR_S3WU_IRQHandler
                0x00000000080004c0                MDF1_FLT2_IRQHandler
                0x00000000080004c0                LPDMA1_Channel3_IRQHandler
                0x00000000080004c0                LPTIM3_IRQHandler
                0x00000000080004c0                EXTI0_IRQHandler
                0x00000000080004c0                I2C2_EV_IRQHandler
                0x00000000080004c0                FPU_IRQHandler
                0x00000000080004c0                GPDMA1_Channel3_IRQHandler
                0x00000000080004c0                GPDMA1_Channel7_IRQHandler
                0x00000000080004c0                MDF1_FLT4_IRQHandler
                0x00000000080004c0                FDCAN1_IT1_IRQHandler
                0x00000000080004c0                RAMCFG_IRQHandler
                0x00000000080004c0                GPDMA1_Channel9_IRQHandler
                0x00000000080004c0                DCACHE1_IRQHandler
                0x00000000080004c0                SPI1_IRQHandler
                0x00000000080004c0                OCTOSPI1_IRQHandler
                0x00000000080004c0                GPDMA1_Channel2_IRQHandler
                0x00000000080004c0                TIM8_UP_IRQHandler
                0x00000000080004c0                RCC_S_IRQHandler
                0x00000000080004c0                OCTOSPI2_IRQHandler
                0x00000000080004c0                SAI2_IRQHandler
                0x00000000080004c0                MDF1_FLT1_IRQHandler
                0x00000000080004c0                ADC1_IRQHandler
                0x00000000080004c0                MDF1_FLT5_IRQHandler
                0x00000000080004c0                EXTI15_IRQHandler
                0x00000000080004c0                TIM17_IRQHandler
                0x00000000080004c0                USART3_IRQHandler
                0x00000000080004c0                RTC_IRQHandler
                0x00000000080004c0                EXTI9_IRQHandler
                0x00000000080004c0                UART5_IRQHandler
                0x00000000080004c0                TIM4_IRQHandler
                0x00000000080004c0                I2C1_EV_IRQHandler
                0x00000000080004c0                GPDMA1_Channel12_IRQHandler
                0x00000000080004c0                GPDMA1_Channel1_IRQHandler
                0x00000000080004c0                TIM16_IRQHandler
                0x00000000080004c0                GPDMA1_Channel15_IRQHandler
                0x00000000080004c0                UART4_IRQHandler
                0x00000000080004c0                SecureFault_Handler
                0x00000000080004c0                TIM3_IRQHandler
                0x00000000080004c0                RCC_IRQHandler
                0x00000000080004c0                TIM1_TRG_COM_IRQHandler
                0x00000000080004c0                Default_Handler
                0x00000000080004c0                GPDMA1_Channel8_IRQHandler
                0x00000000080004c0                FMAC_IRQHandler
                0x00000000080004c0                GPDMA1_Channel11_IRQHandler
                0x00000000080004c0                TIM7_IRQHandler
                0x00000000080004c0                SDMMC1_IRQHandler
                0x00000000080004c0                TIM5_IRQHandler
                0x00000000080004c0                UCPD1_IRQHandler
                0x00000000080004c0                GPDMA1_Channel0_IRQHandler
                0x00000000080004c0                TIM15_IRQHandler
                0x00000000080004c0                I2C3_EV_IRQHandler
                0x00000000080004c0                LPDMA1_Channel0_IRQHandler
                0x00000000080004c0                PVD_PVM_IRQHandler
                0x00000000080004c0                SPI2_IRQHandler
                0x00000000080004c0                LPDMA1_Channel1_IRQHandler
                0x00000000080004c0                EXTI14_IRQHandler
                0x00000000080004c0                EXTI11_IRQHandler
                0x00000000080004c0                CRS_IRQHandler
                0x00000000080004c0                GPDMA1_Channel14_IRQHandler
                0x00000000080004c0                LSECSSD_IRQHandler
                0x00000000080004c0                EXTI4_IRQHandler
                0x00000000080004c0                RTC_S_IRQHandler
                0x00000000080004c0                GPDMA1_Channel13_IRQHandler
                0x00000000080004c0                RNG_IRQHandler
                0x00000000080004c0                COMP_IRQHandler
                0x00000000080004c0                TIM1_UP_IRQHandler
                0x00000000080004c0                ADC4_IRQHandler
                0x00000000080004c0                WWDG_IRQHandler
                0x00000000080004c0                I2C4_EV_IRQHandler
                0x00000000080004c0                ADF1_IRQHandler
                0x00000000080004c0                IWDG_IRQHandler
                0x00000000080004c0                LPUART1_IRQHandler
                0x00000000080004c0                MDF1_FLT0_IRQHandler
                0x00000000080004c0                FDCAN1_IT0_IRQHandler
                0x00000000080004c0                TIM2_IRQHandler
                0x00000000080004c0                GPDMA1_Channel4_IRQHandler
                0x00000000080004c0                EXTI7_IRQHandler
                0x00000000080004c0                DMA2D_IRQHandler
                0x00000000080004c0                TIM1_BRK_IRQHandler
                0x00000000080004c0                EXTI1_IRQHandler
                0x00000000080004c0                SDMMC2_IRQHandler
                0x00000000080004c0                DAC1_IRQHandler
                0x00000000080004c0                GTZC_IRQHandler
                0x00000000080004c0                MDF1_FLT3_IRQHandler
                0x00000000080004c0                USART2_IRQHandler
                0x00000000080004c0                GPDMA1_Channel6_IRQHandler
                0x00000000080004c0                I2C2_ER_IRQHandler
                0x00000000080004c0                TIM8_BRK_IRQHandler
                0x00000000080004c0                FLASH_IRQHandler
                0x00000000080004c0                USART1_IRQHandler
                0x00000000080004c0                EXTI10_IRQHandler
                0x00000000080004c0                OTG_FS_IRQHandler
                0x00000000080004c0                SPI3_IRQHandler
                0x00000000080004c0                LPDMA1_Channel2_IRQHandler
                0x00000000080004c0                I2C1_ER_IRQHandler
                0x00000000080004c0                FMC_IRQHandler
                0x00000000080004c0                EXTI6_IRQHandler
                0x00000000080004c0                LPTIM1_IRQHandler
                0x00000000080004c0                DCMI_PSSI_IRQHandler
                0x00000000080004c0                I2C4_ER_IRQHandler
                0x00000000080004c0                GPDMA1_Channel10_IRQHandler
                0x00000000080004c0                ICACHE_IRQHandler
                0x00000000080004c0                SAI1_IRQHandler
                0x00000000080004c0                HASH_IRQHandler
 *fill*         0x00000000080004c2        0x2 
 .text.HAL_IncTick
                0x00000000080004c4       0x28 ./Drivers/STM32U5xx_HAL_Driver/Src/stm32u5xx_hal.o
                0x00000000080004c4                HAL_IncTick
 .text.msoe_clk_setup
                0x00000000080004ec       0xf8 C:\Users\nikiemao\STM32CubeIDE\workspace_1.14.1\msoe_lib_arch\msoe_lib\Debug\libmsoe_lib.a(msoe_clk_setup.o)
                0x00000000080004ec                msoe_clk_setup
 .text.msoe_delay_init
                0x00000000080005e4       0x40 C:\Users\nikiemao\STM32CubeIDE\workspace_1.14.1\msoe_lib_arch\msoe_lib\Debug\libmsoe_lib.a(msoe_stm_delay.o)
                0x00000000080005e4                msoe_delay_init
 .text.msoe_delay_ms
                0x0000000008000624       0xc4 C:\Users\nikiemao\STM32CubeIDE\workspace_1.14.1\msoe_lib_arch\msoe_lib\Debug\libmsoe_lib.a(msoe_stm_delay.o)
                0x0000000008000624                msoe_delay_ms
 .text.__libc_init_array
                0x00000000080006e8       0x48 C:/ST/STM32CubeIDE/STM32CubeIDE/plugins/com.st.stm32cube.ide.mcu.externaltools.gnu-tools-for-stm32.11.3.rel1.win32_1.1.100.202309141235/tools/bin/../lib/gcc/arm-none-eabi/11.3.1/../../../../arm-none-eabi/lib/thumb/v8-m.main+fp/hard\libc_nano.a(libc_a-init.o)
                0x00000000080006e8                __libc_init_array
 *(.glue_7)
 .glue_7        0x0000000008000730        0x0 linker stubs
 *(.glue_7t)
 .glue_7t       0x0000000008000730        0x0 linker stubs
 *(.eh_frame)
 .eh_frame      0x0000000008000730        0x0 C:/ST/STM32CubeIDE/STM32CubeIDE/plugins/com.st.stm32cube.ide.mcu.externaltools.gnu-tools-for-stm32.11.3.rel1.win32_1.1.100.202309141235/tools/bin/../lib/gcc/arm-none-eabi/11.3.1/thumb/v8-m.main+fp/hard/crtbegin.o
 *(.init)
 .init          0x0000000008000730        0x4 C:/ST/STM32CubeIDE/STM32CubeIDE/plugins/com.st.stm32cube.ide.mcu.externaltools.gnu-tools-for-stm32.11.3.rel1.win32_1.1.100.202309141235/tools/bin/../lib/gcc/arm-none-eabi/11.3.1/thumb/v8-m.main+fp/hard/crti.o
                0x0000000008000730                _init
 .init          0x0000000008000734        0x8 C:/ST/STM32CubeIDE/STM32CubeIDE/plugins/com.st.stm32cube.ide.mcu.externaltools.gnu-tools-for-stm32.11.3.rel1.win32_1.1.100.202309141235/tools/bin/../lib/gcc/arm-none-eabi/11.3.1/thumb/v8-m.main+fp/hard/crtn.o
 *(.fini)
 .fini          0x000000000800073c        0x4 C:/ST/STM32CubeIDE/STM32CubeIDE/plugins/com.st.stm32cube.ide.mcu.externaltools.gnu-tools-for-stm32.11.3.rel1.win32_1.1.100.202309141235/tools/bin/../lib/gcc/arm-none-eabi/11.3.1/thumb/v8-m.main+fp/hard/crti.o
                0x000000000800073c                _fini
 .fini          0x0000000008000740        0x8 C:/ST/STM32CubeIDE/STM32CubeIDE/plugins/com.st.stm32cube.ide.mcu.externaltools.gnu-tools-for-stm32.11.3.rel1.win32_1.1.100.202309141235/tools/bin/../lib/gcc/arm-none-eabi/11.3.1/thumb/v8-m.main+fp/hard/crtn.o
                0x0000000008000748                _etext = .

.vfp11_veneer   0x0000000008000748        0x0
 .vfp11_veneer  0x0000000008000748        0x0 linker stubs

.v4_bx          0x0000000008000748        0x0
 .v4_bx         0x0000000008000748        0x0 linker stubs

.iplt           0x0000000008000748        0x0
 .iplt          0x0000000008000748        0x0 C:/ST/STM32CubeIDE/STM32CubeIDE/plugins/com.st.stm32cube.ide.mcu.externaltools.gnu-tools-for-stm32.11.3.rel1.win32_1.1.100.202309141235/tools/bin/../lib/gcc/arm-none-eabi/11.3.1/thumb/v8-m.main+fp/hard/crtbegin.o

.rel.dyn        0x0000000008000748        0x0
 .rel.iplt      0x0000000008000748        0x0 C:/ST/STM32CubeIDE/STM32CubeIDE/plugins/com.st.stm32cube.ide.mcu.externaltools.gnu-tools-for-stm32.11.3.rel1.win32_1.1.100.202309141235/tools/bin/../lib/gcc/arm-none-eabi/11.3.1/thumb/v8-m.main+fp/hard/crtbegin.o

.rodata
 *(.rodata)
 *(.rodata*)

.ARM.extab
 *(.ARM.extab* .gnu.linkonce.armextab.*)

.ARM            0x0000000008000748        0x0
                0x0000000008000748                __exidx_start = .
 *(.ARM.exidx*)
                0x0000000008000748                __exidx_end = .

.preinit_array  0x0000000008000748        0x0
                0x0000000008000748                PROVIDE (__preinit_array_start = .)
 *(.preinit_array*)
                0x0000000008000748                PROVIDE (__preinit_array_end = .)

.init_array     0x0000000008000748        0x4
                0x0000000008000748                PROVIDE (__init_array_start = .)
 *(SORT_BY_NAME(.init_array.*))
 *(.init_array*)
 .init_array    0x0000000008000748        0x4 C:/ST/STM32CubeIDE/STM32CubeIDE/plugins/com.st.stm32cube.ide.mcu.externaltools.gnu-tools-for-stm32.11.3.rel1.win32_1.1.100.202309141235/tools/bin/../lib/gcc/arm-none-eabi/11.3.1/thumb/v8-m.main+fp/hard/crtbegin.o
                0x000000000800074c                PROVIDE (__init_array_end = .)

.fini_array     0x000000000800074c        0x4
                [!provide]                        PROVIDE (__fini_array_start = .)
 *(SORT_BY_NAME(.fini_array.*))
 *(.fini_array*)
 .fini_array    0x000000000800074c        0x4 C:/ST/STM32CubeIDE/STM32CubeIDE/plugins/com.st.stm32cube.ide.mcu.externaltools.gnu-tools-for-stm32.11.3.rel1.win32_1.1.100.202309141235/tools/bin/../lib/gcc/arm-none-eabi/11.3.1/thumb/v8-m.main+fp/hard/crtbegin.o
                [!provide]                        PROVIDE (__fini_array_end = .)
                0x0000000008000750                _sidata = LOADADDR (.data)

.data           0x0000000020000000        0x1 load address 0x0000000008000750
                0x0000000020000000                _sdata = .
 *(.data)
 *(.data*)
 .data.uwTickFreq
                0x0000000020000000        0x1 ./Drivers/STM32U5xx_HAL_Driver/Src/stm32u5xx_hal.o
                0x0000000020000000                uwTickFreq
 *(.RamFunc)
 *(.RamFunc*)
                0x0000000020000001                _edata = .

.igot.plt       0x0000000020000004        0x0 load address 0x0000000008000751
 .igot.plt      0x0000000020000004        0x0 C:/ST/STM32CubeIDE/STM32CubeIDE/plugins/com.st.stm32cube.ide.mcu.externaltools.gnu-tools-for-stm32.11.3.rel1.win32_1.1.100.202309141235/tools/bin/../lib/gcc/arm-none-eabi/11.3.1/thumb/v8-m.main+fp/hard/crtbegin.o

.bss            0x0000000020000004       0x24 load address 0x0000000008000751
                0x0000000020000004                _sbss = .
                0x0000000020000004                __bss_start__ = _sbss
 *(.bss)
 .bss           0x0000000020000004       0x1c C:/ST/STM32CubeIDE/STM32CubeIDE/plugins/com.st.stm32cube.ide.mcu.externaltools.gnu-tools-for-stm32.11.3.rel1.win32_1.1.100.202309141235/tools/bin/../lib/gcc/arm-none-eabi/11.3.1/thumb/v8-m.main+fp/hard/crtbegin.o
 *(.bss*)
 .bss.sw_rising
                0x0000000020000020        0x1 ./Core/Src/basic_int.o
                0x0000000020000020                sw_rising
 *fill*         0x0000000020000021        0x3 
 .bss.uwTick    0x0000000020000024        0x4 ./Drivers/STM32U5xx_HAL_Driver/Src/stm32u5xx_hal.o
                0x0000000020000024                uwTick
 *(COMMON)
                0x0000000020000028                _ebss = .
                0x0000000020000028                __bss_end__ = _ebss

._user_heap_stack
                0x0000000020000028      0x600 load address 0x0000000008000751
                0x0000000020000028                . = ALIGN (0x8)
                [!provide]                        PROVIDE (end = .)
                0x0000000020000028                PROVIDE (_end = .)
                0x0000000020000228                . = (. + _Min_Heap_Size)
 *fill*         0x0000000020000028      0x200 
                0x0000000020000628                . = (. + _Min_Stack_Size)
 *fill*         0x0000000020000228      0x400 
                0x0000000020000628                . = ALIGN (0x8)

/DISCARD/
 libc.a(*)
 libm.a(*)
 libgcc.a(*)

.ARM.attributes
                0x0000000000000000       0x36
 *(.ARM.attributes)
 .ARM.attributes
                0x0000000000000000       0x22 C:/ST/STM32CubeIDE/STM32CubeIDE/plugins/com.st.stm32cube.ide.mcu.externaltools.gnu-tools-for-stm32.11.3.rel1.win32_1.1.100.202309141235/tools/bin/../lib/gcc/arm-none-eabi/11.3.1/thumb/v8-m.main+fp/hard/crti.o
 .ARM.attributes
                0x0000000000000022       0x38 C:/ST/STM32CubeIDE/STM32CubeIDE/plugins/com.st.stm32cube.ide.mcu.externaltools.gnu-tools-for-stm32.11.3.rel1.win32_1.1.100.202309141235/tools/bin/../lib/gcc/arm-none-eabi/11.3.1/thumb/v8-m.main+fp/hard/crtbegin.o
 .ARM.attributes
                0x000000000000005a       0x3a ./Core/Src/basic_int.o
 .ARM.attributes
                0x0000000000000094       0x3a ./Core/Src/stm32u5xx_it.o
 .ARM.attributes
                0x00000000000000ce       0x3a ./Core/Src/system_stm32u5xx.o
 .ARM.attributes
                0x0000000000000108       0x24 ./Core/Startup/startup_stm32u575zitxq.o
 .ARM.attributes
                0x000000000000012c       0x3a ./Drivers/STM32U5xx_HAL_Driver/Src/stm32u5xx_hal.o
 .ARM.attributes
                0x0000000000000166       0x3a C:\Users\nikiemao\STM32CubeIDE\workspace_1.14.1\msoe_lib_arch\msoe_lib\Debug\libmsoe_lib.a(msoe_clk_setup.o)
 .ARM.attributes
                0x00000000000001a0       0x3a C:\Users\nikiemao\STM32CubeIDE\workspace_1.14.1\msoe_lib_arch\msoe_lib\Debug\libmsoe_lib.a(msoe_stm_delay.o)
 .ARM.attributes
                0x00000000000001da       0x38 C:/ST/STM32CubeIDE/STM32CubeIDE/plugins/com.st.stm32cube.ide.mcu.externaltools.gnu-tools-for-stm32.11.3.rel1.win32_1.1.100.202309141235/tools/bin/../lib/gcc/arm-none-eabi/11.3.1/../../../../arm-none-eabi/lib/thumb/v8-m.main+fp/hard\libc_nano.a(libc_a-init.o)
 .ARM.attributes
                0x0000000000000212       0x22 C:/ST/STM32CubeIDE/STM32CubeIDE/plugins/com.st.stm32cube.ide.mcu.externaltools.gnu-tools-for-stm32.11.3.rel1.win32_1.1.100.202309141235/tools/bin/../lib/gcc/arm-none-eabi/11.3.1/thumb/v8-m.main+fp/hard/crtn.o
OUTPUT(blink_basic.elf elf32-littlearm)
LOAD linker stubs
LOAD C:/ST/STM32CubeIDE/STM32CubeIDE/plugins/com.st.stm32cube.ide.mcu.externaltools.gnu-tools-for-stm32.11.3.rel1.win32_1.1.100.202309141235/tools/bin/../lib/gcc/arm-none-eabi/11.3.1/../../../../arm-none-eabi/lib/thumb/v8-m.main+fp/hard\libc.a
LOAD C:/ST/STM32CubeIDE/STM32CubeIDE/plugins/com.st.stm32cube.ide.mcu.externaltools.gnu-tools-for-stm32.11.3.rel1.win32_1.1.100.202309141235/tools/bin/../lib/gcc/arm-none-eabi/11.3.1/../../../../arm-none-eabi/lib/thumb/v8-m.main+fp/hard\libm.a
LOAD C:/ST/STM32CubeIDE/STM32CubeIDE/plugins/com.st.stm32cube.ide.mcu.externaltools.gnu-tools-for-stm32.11.3.rel1.win32_1.1.100.202309141235/tools/bin/../lib/gcc/arm-none-eabi/11.3.1/thumb/v8-m.main+fp/hard\libgcc.a

.comment        0x0000000000000000       0x43
 .comment       0x0000000000000000       0x43 C:/ST/STM32CubeIDE/STM32CubeIDE/plugins/com.st.stm32cube.ide.mcu.externaltools.gnu-tools-for-stm32.11.3.rel1.win32_1.1.100.202309141235/tools/bin/../lib/gcc/arm-none-eabi/11.3.1/thumb/v8-m.main+fp/hard/crtbegin.o
                                         0x44 (size before relaxing)
 .comment       0x0000000000000043       0x44 ./Core/Src/basic_int.o
 .comment       0x0000000000000043       0x44 ./Core/Src/stm32u5xx_it.o
 .comment       0x0000000000000043       0x44 ./Core/Src/system_stm32u5xx.o
 .comment       0x0000000000000043       0x44 ./Drivers/STM32U5xx_HAL_Driver/Src/stm32u5xx_hal.o
 .comment       0x0000000000000043       0x44 C:\Users\nikiemao\STM32CubeIDE\workspace_1.14.1\msoe_lib_arch\msoe_lib\Debug\libmsoe_lib.a(msoe_clk_setup.o)
 .comment       0x0000000000000043       0x44 C:\Users\nikiemao\STM32CubeIDE\workspace_1.14.1\msoe_lib_arch\msoe_lib\Debug\libmsoe_lib.a(msoe_stm_delay.o)

.debug_info     0x0000000000000000     0x3ded
 .debug_info    0x0000000000000000     0x1175 ./Core/Src/basic_int.o
 .debug_info    0x0000000000001175      0x28e ./Core/Src/stm32u5xx_it.o
 .debug_info    0x0000000000001403      0x929 ./Core/Src/system_stm32u5xx.o
 .debug_info    0x0000000000001d2c       0x23 ./Core/Startup/startup_stm32u575zitxq.o
 .debug_info    0x0000000000001d4f     0x11ab ./Drivers/STM32U5xx_HAL_Driver/Src/stm32u5xx_hal.o
 .debug_info    0x0000000000002efa      0xa06 C:\Users\nikiemao\STM32CubeIDE\workspace_1.14.1\msoe_lib_arch\msoe_lib\Debug\libmsoe_lib.a(msoe_clk_setup.o)
 .debug_info    0x0000000000003900      0x4ed C:\Users\nikiemao\STM32CubeIDE\workspace_1.14.1\msoe_lib_arch\msoe_lib\Debug\libmsoe_lib.a(msoe_stm_delay.o)

.debug_abbrev   0x0000000000000000      0x8dc
 .debug_abbrev  0x0000000000000000      0x1f4 ./Core/Src/basic_int.o
 .debug_abbrev  0x00000000000001f4       0xf7 ./Core/Src/stm32u5xx_it.o
 .debug_abbrev  0x00000000000002eb      0x129 ./Core/Src/system_stm32u5xx.o
 .debug_abbrev  0x0000000000000414       0x12 ./Core/Startup/startup_stm32u575zitxq.o
 .debug_abbrev  0x0000000000000426      0x292 ./Drivers/STM32U5xx_HAL_Driver/Src/stm32u5xx_hal.o
 .debug_abbrev  0x00000000000006b8      0x11f C:\Users\nikiemao\STM32CubeIDE\workspace_1.14.1\msoe_lib_arch\msoe_lib\Debug\libmsoe_lib.a(msoe_clk_setup.o)
 .debug_abbrev  0x00000000000007d7      0x105 C:\Users\nikiemao\STM32CubeIDE\workspace_1.14.1\msoe_lib_arch\msoe_lib\Debug\libmsoe_lib.a(msoe_stm_delay.o)

.debug_aranges  0x0000000000000000      0x288
 .debug_aranges
                0x0000000000000000       0x40 ./Core/Src/basic_int.o
 .debug_aranges
                0x0000000000000040       0x68 ./Core/Src/stm32u5xx_it.o
 .debug_aranges
                0x00000000000000a8       0x28 ./Core/Src/system_stm32u5xx.o
 .debug_aranges
                0x00000000000000d0       0x28 ./Core/Startup/startup_stm32u575zitxq.o
 .debug_aranges
                0x00000000000000f8      0x138 ./Drivers/STM32U5xx_HAL_Driver/Src/stm32u5xx_hal.o
 .debug_aranges
                0x0000000000000230       0x28 C:\Users\nikiemao\STM32CubeIDE\workspace_1.14.1\msoe_lib_arch\msoe_lib\Debug\libmsoe_lib.a(msoe_clk_setup.o)
 .debug_aranges
                0x0000000000000258       0x30 C:\Users\nikiemao\STM32CubeIDE\workspace_1.14.1\msoe_lib_arch\msoe_lib\Debug\libmsoe_lib.a(msoe_stm_delay.o)

.debug_rnglists
                0x0000000000000000      0x1c9
 .debug_rnglists
                0x0000000000000000       0x2c ./Core/Src/basic_int.o
 .debug_rnglists
                0x000000000000002c       0x49 ./Core/Src/stm32u5xx_it.o
 .debug_rnglists
                0x0000000000000075       0x1a ./Core/Src/system_stm32u5xx.o
 .debug_rnglists
                0x000000000000008f       0x19 ./Core/Startup/startup_stm32u575zitxq.o
 .debug_rnglists
                0x00000000000000a8       0xe6 ./Drivers/STM32U5xx_HAL_Driver/Src/stm32u5xx_hal.o
 .debug_rnglists
                0x000000000000018e       0x1a C:\Users\nikiemao\STM32CubeIDE\workspace_1.14.1\msoe_lib_arch\msoe_lib\Debug\libmsoe_lib.a(msoe_clk_setup.o)
 .debug_rnglists
                0x00000000000001a8       0x21 C:\Users\nikiemao\STM32CubeIDE\workspace_1.14.1\msoe_lib_arch\msoe_lib\Debug\libmsoe_lib.a(msoe_stm_delay.o)

.debug_macro    0x0000000000000000    0x69e53
 .debug_macro   0x0000000000000000      0x32b ./Core/Src/basic_int.o
 .debug_macro   0x000000000000032b      0xab4 ./Core/Src/basic_int.o
 .debug_macro   0x0000000000000ddf       0x2e ./Core/Src/basic_int.o
 .debug_macro   0x0000000000000e0d       0x42 ./Core/Src/basic_int.o
 .debug_macro   0x0000000000000e4f       0x22 ./Core/Src/basic_int.o
 .debug_macro   0x0000000000000e71       0x8e ./Core/Src/basic_int.o
 .debug_macro   0x0000000000000eff       0x51 ./Core/Src/basic_int.o
 .debug_macro   0x0000000000000f50      0x103 ./Core/Src/basic_int.o
 .debug_macro   0x0000000000001053       0x6a ./Core/Src/basic_int.o
 .debug_macro   0x00000000000010bd      0x1df ./Core/Src/basic_int.o
 .debug_macro   0x000000000000129c       0x1c ./Core/Src/basic_int.o
 .debug_macro   0x00000000000012b8       0x29 ./Core/Src/basic_int.o
 .debug_macro   0x00000000000012e1       0xfb ./Core/Src/basic_int.o
 .debug_macro   0x00000000000013dc     0x1685 ./Core/Src/basic_int.o
 .debug_macro   0x0000000000002a61       0x5e ./Core/Src/basic_int.o
 .debug_macro   0x0000000000002abf    0x223ac ./Core/Src/basic_int.o
 .debug_macro   0x0000000000024e6b       0x6d ./Core/Src/basic_int.o
 .debug_macro   0x0000000000024ed8      0x1f2 ./Core/Src/basic_int.o
 .debug_macro   0x00000000000250ca     0x385e ./Core/Src/basic_int.o
 .debug_macro   0x0000000000028928      0x174 ./Core/Src/basic_int.o
 .debug_macro   0x0000000000028a9c       0x61 ./Core/Src/basic_int.o
 .debug_macro   0x0000000000028afd       0x2a ./Core/Src/basic_int.o
 .debug_macro   0x0000000000028b27       0x43 ./Core/Src/basic_int.o
 .debug_macro   0x0000000000028b6a       0x34 ./Core/Src/basic_int.o
 .debug_macro   0x0000000000028b9e       0x16 ./Core/Src/basic_int.o
 .debug_macro   0x0000000000028bb4       0x43 ./Core/Src/basic_int.o
 .debug_macro   0x0000000000028bf7       0x34 ./Core/Src/basic_int.o
 .debug_macro   0x0000000000028c2b       0x10 ./Core/Src/basic_int.o
 .debug_macro   0x0000000000028c3b       0x58 ./Core/Src/basic_int.o
 .debug_macro   0x0000000000028c93       0x8e ./Core/Src/basic_int.o
 .debug_macro   0x0000000000028d21       0x1c ./Core/Src/basic_int.o
 .debug_macro   0x0000000000028d3d      0x177 ./Core/Src/basic_int.o
 .debug_macro   0x0000000000028eb4      0x369 ./Core/Src/basic_int.o
 .debug_macro   0x000000000002921d      0x19b ./Core/Src/basic_int.o
 .debug_macro   0x00000000000293b8       0x5d ./Core/Src/basic_int.o
 .debug_macro   0x0000000000029415     0x1ae5 ./Core/Src/basic_int.o
 .debug_macro   0x000000000002aefa      0x7dc ./Core/Src/basic_int.o
 .debug_macro   0x000000000002b6d6      0x15f ./Core/Src/basic_int.o
 .debug_macro   0x000000000002b835      0x2aa ./Core/Src/basic_int.o
 .debug_macro   0x000000000002badf       0xc8 ./Core/Src/basic_int.o
 .debug_macro   0x000000000002bba7      0x5a5 ./Core/Src/basic_int.o
 .debug_macro   0x000000000002c14c      0x439 ./Core/Src/basic_int.o
 .debug_macro   0x000000000002c585       0xd6 ./Core/Src/basic_int.o
 .debug_macro   0x000000000002c65b      0x1cd ./Core/Src/basic_int.o
 .debug_macro   0x000000000002c828     0x1415 ./Core/Src/basic_int.o
 .debug_macro   0x000000000002dc3d      0x950 ./Core/Src/basic_int.o
 .debug_macro   0x000000000002e58d      0x2cd ./Core/Src/basic_int.o
 .debug_macro   0x000000000002e85a      0x432 ./Core/Src/basic_int.o
 .debug_macro   0x000000000002ec8c       0x95 ./Core/Src/basic_int.o
 .debug_macro   0x000000000002ed21      0x11c ./Core/Src/basic_int.o
 .debug_macro   0x000000000002ee3d      0x517 ./Core/Src/basic_int.o
 .debug_macro   0x000000000002f354      0x4bf ./Core/Src/basic_int.o
 .debug_macro   0x000000000002f813      0x677 ./Core/Src/basic_int.o
 .debug_macro   0x000000000002fe8a      0x1a1 ./Core/Src/basic_int.o
 .debug_macro   0x000000000003002b      0x287 ./Core/Src/basic_int.o
 .debug_macro   0x00000000000302b2       0x90 ./Core/Src/basic_int.o
 .debug_macro   0x0000000000030342      0x1c0 ./Core/Src/basic_int.o
 .debug_macro   0x0000000000030502      0x361 ./Core/Src/basic_int.o
 .debug_macro   0x0000000000030863      0x2b6 ./Core/Src/basic_int.o
 .debug_macro   0x0000000000030b19      0x36f ./Core/Src/basic_int.o
 .debug_macro   0x0000000000030e88      0x157 ./Core/Src/basic_int.o
 .debug_macro   0x0000000000030fdf      0xab6 ./Core/Src/basic_int.o
 .debug_macro   0x0000000000031a95      0x28b ./Core/Src/basic_int.o
 .debug_macro   0x0000000000031d20       0xdf ./Core/Src/basic_int.o
 .debug_macro   0x0000000000031dff      0x4e1 ./Core/Src/basic_int.o
 .debug_macro   0x00000000000322e0      0x167 ./Core/Src/basic_int.o
 .debug_macro   0x0000000000032447      0x8d6 ./Core/Src/basic_int.o
 .debug_macro   0x0000000000032d1d      0x19a ./Core/Src/basic_int.o
 .debug_macro   0x0000000000032eb7       0xa0 ./Core/Src/basic_int.o
 .debug_macro   0x0000000000032f57      0x335 ./Core/Src/stm32u5xx_it.o
 .debug_macro   0x000000000003328c      0x2b1 ./Core/Src/system_stm32u5xx.o
 .debug_macro   0x000000000003353d      0x2ce ./Drivers/STM32U5xx_HAL_Driver/Src/stm32u5xx_hal.o
 .debug_macro   0x000000000003380b      0x566 C:\Users\nikiemao\STM32CubeIDE\workspace_1.14.1\msoe_lib_arch\msoe_lib\Debug\libmsoe_lib.a(msoe_clk_setup.o)
 .debug_macro   0x0000000000033d71      0xaae C:\Users\nikiemao\STM32CubeIDE\workspace_1.14.1\msoe_lib_arch\msoe_lib\Debug\libmsoe_lib.a(msoe_clk_setup.o)
 .debug_macro   0x000000000003481f       0x2e C:\Users\nikiemao\STM32CubeIDE\workspace_1.14.1\msoe_lib_arch\msoe_lib\Debug\libmsoe_lib.a(msoe_clk_setup.o)
 .debug_macro   0x000000000003484d       0x1c C:\Users\nikiemao\STM32CubeIDE\workspace_1.14.1\msoe_lib_arch\msoe_lib\Debug\libmsoe_lib.a(msoe_clk_setup.o)
 .debug_macro   0x0000000000034869       0x29 C:\Users\nikiemao\STM32CubeIDE\workspace_1.14.1\msoe_lib_arch\msoe_lib\Debug\libmsoe_lib.a(msoe_clk_setup.o)
 .debug_macro   0x0000000000034892       0xfb C:\Users\nikiemao\STM32CubeIDE\workspace_1.14.1\msoe_lib_arch\msoe_lib\Debug\libmsoe_lib.a(msoe_clk_setup.o)
 .debug_macro   0x000000000003498d     0x1336 C:\Users\nikiemao\STM32CubeIDE\workspace_1.14.1\msoe_lib_arch\msoe_lib\Debug\libmsoe_lib.a(msoe_clk_setup.o)
 .debug_macro   0x0000000000035cc3       0x5e C:\Users\nikiemao\STM32CubeIDE\workspace_1.14.1\msoe_lib_arch\msoe_lib\Debug\libmsoe_lib.a(msoe_clk_setup.o)
 .debug_macro   0x0000000000035d21    0x226de C:\Users\nikiemao\STM32CubeIDE\workspace_1.14.1\msoe_lib_arch\msoe_lib\Debug\libmsoe_lib.a(msoe_clk_setup.o)
 .debug_macro   0x00000000000583ff       0x6d C:\Users\nikiemao\STM32CubeIDE\workspace_1.14.1\msoe_lib_arch\msoe_lib\Debug\libmsoe_lib.a(msoe_clk_setup.o)
 .debug_macro   0x000000000005846c      0x301 C:\Users\nikiemao\STM32CubeIDE\workspace_1.14.1\msoe_lib_arch\msoe_lib\Debug\libmsoe_lib.a(msoe_clk_setup.o)
 .debug_macro   0x000000000005876d     0x3882 C:\Users\nikiemao\STM32CubeIDE\workspace_1.14.1\msoe_lib_arch\msoe_lib\Debug\libmsoe_lib.a(msoe_clk_setup.o)
 .debug_macro   0x000000000005bfef     0x1b55 C:\Users\nikiemao\STM32CubeIDE\workspace_1.14.1\msoe_lib_arch\msoe_lib\Debug\libmsoe_lib.a(msoe_clk_setup.o)
 .debug_macro   0x000000000005db44      0x7ff C:\Users\nikiemao\STM32CubeIDE\workspace_1.14.1\msoe_lib_arch\msoe_lib\Debug\libmsoe_lib.a(msoe_clk_setup.o)
 .debug_macro   0x000000000005e343      0x29c C:\Users\nikiemao\STM32CubeIDE\workspace_1.14.1\msoe_lib_arch\msoe_lib\Debug\libmsoe_lib.a(msoe_clk_setup.o)
 .debug_macro   0x000000000005e5df       0xb6 C:\Users\nikiemao\STM32CubeIDE\workspace_1.14.1\msoe_lib_arch\msoe_lib\Debug\libmsoe_lib.a(msoe_clk_setup.o)
 .debug_macro   0x000000000005e695      0x3fd C:\Users\nikiemao\STM32CubeIDE\workspace_1.14.1\msoe_lib_arch\msoe_lib\Debug\libmsoe_lib.a(msoe_clk_setup.o)
 .debug_macro   0x000000000005ea92      0x5a5 C:\Users\nikiemao\STM32CubeIDE\workspace_1.14.1\msoe_lib_arch\msoe_lib\Debug\libmsoe_lib.a(msoe_clk_setup.o)
 .debug_macro   0x000000000005f037      0x432 C:\Users\nikiemao\STM32CubeIDE\workspace_1.14.1\msoe_lib_arch\msoe_lib\Debug\libmsoe_lib.a(msoe_clk_setup.o)
 .debug_macro   0x000000000005f469       0xd6 C:\Users\nikiemao\STM32CubeIDE\workspace_1.14.1\msoe_lib_arch\msoe_lib\Debug\libmsoe_lib.a(msoe_clk_setup.o)
 .debug_macro   0x000000000005f53f      0x26a C:\Users\nikiemao\STM32CubeIDE\workspace_1.14.1\msoe_lib_arch\msoe_lib\Debug\libmsoe_lib.a(msoe_clk_setup.o)
 .debug_macro   0x000000000005f7a9     0x140e C:\Users\nikiemao\STM32CubeIDE\workspace_1.14.1\msoe_lib_arch\msoe_lib\Debug\libmsoe_lib.a(msoe_clk_setup.o)
 .debug_macro   0x0000000000060bb7      0x949 C:\Users\nikiemao\STM32CubeIDE\workspace_1.14.1\msoe_lib_arch\msoe_lib\Debug\libmsoe_lib.a(msoe_clk_setup.o)
 .debug_macro   0x0000000000061500      0x2be C:\Users\nikiemao\STM32CubeIDE\workspace_1.14.1\msoe_lib_arch\msoe_lib\Debug\libmsoe_lib.a(msoe_clk_setup.o)
 .debug_macro   0x00000000000617be       0xc7 C:\Users\nikiemao\STM32CubeIDE\workspace_1.14.1\msoe_lib_arch\msoe_lib\Debug\libmsoe_lib.a(msoe_clk_setup.o)
 .debug_macro   0x0000000000061885       0x4c C:\Users\nikiemao\STM32CubeIDE\workspace_1.14.1\msoe_lib_arch\msoe_lib\Debug\libmsoe_lib.a(msoe_clk_setup.o)
 .debug_macro   0x00000000000618d1      0x1ca C:\Users\nikiemao\STM32CubeIDE\workspace_1.14.1\msoe_lib_arch\msoe_lib\Debug\libmsoe_lib.a(msoe_clk_setup.o)
 .debug_macro   0x0000000000061a9b       0xe5 C:\Users\nikiemao\STM32CubeIDE\workspace_1.14.1\msoe_lib_arch\msoe_lib\Debug\libmsoe_lib.a(msoe_clk_setup.o)
 .debug_macro   0x0000000000061b80      0x122 C:\Users\nikiemao\STM32CubeIDE\workspace_1.14.1\msoe_lib_arch\msoe_lib\Debug\libmsoe_lib.a(msoe_clk_setup.o)
 .debug_macro   0x0000000000061ca2      0x340 C:\Users\nikiemao\STM32CubeIDE\workspace_1.14.1\msoe_lib_arch\msoe_lib\Debug\libmsoe_lib.a(msoe_clk_setup.o)
 .debug_macro   0x0000000000061fe2      0x830 C:\Users\nikiemao\STM32CubeIDE\workspace_1.14.1\msoe_lib_arch\msoe_lib\Debug\libmsoe_lib.a(msoe_clk_setup.o)
 .debug_macro   0x0000000000062812      0x23b C:\Users\nikiemao\STM32CubeIDE\workspace_1.14.1\msoe_lib_arch\msoe_lib\Debug\libmsoe_lib.a(msoe_clk_setup.o)
 .debug_macro   0x0000000000062a4d       0x28 C:\Users\nikiemao\STM32CubeIDE\workspace_1.14.1\msoe_lib_arch\msoe_lib\Debug\libmsoe_lib.a(msoe_clk_setup.o)
 .debug_macro   0x0000000000062a75       0x12 C:\Users\nikiemao\STM32CubeIDE\workspace_1.14.1\msoe_lib_arch\msoe_lib\Debug\libmsoe_lib.a(msoe_clk_setup.o)
 .debug_macro   0x0000000000062a87       0x88 C:\Users\nikiemao\STM32CubeIDE\workspace_1.14.1\msoe_lib_arch\msoe_lib\Debug\libmsoe_lib.a(msoe_clk_setup.o)
 .debug_macro   0x0000000000062b0f       0xe3 C:\Users\nikiemao\STM32CubeIDE\workspace_1.14.1\msoe_lib_arch\msoe_lib\Debug\libmsoe_lib.a(msoe_clk_setup.o)
 .debug_macro   0x0000000000062bf2      0x23a C:\Users\nikiemao\STM32CubeIDE\workspace_1.14.1\msoe_lib_arch\msoe_lib\Debug\libmsoe_lib.a(msoe_clk_setup.o)
 .debug_macro   0x0000000000062e2c      0x123 C:\Users\nikiemao\STM32CubeIDE\workspace_1.14.1\msoe_lib_arch\msoe_lib\Debug\libmsoe_lib.a(msoe_clk_setup.o)
 .debug_macro   0x0000000000062f4f       0xa5 C:\Users\nikiemao\STM32CubeIDE\workspace_1.14.1\msoe_lib_arch\msoe_lib\Debug\libmsoe_lib.a(msoe_clk_setup.o)
 .debug_macro   0x0000000000062ff4       0xa1 C:\Users\nikiemao\STM32CubeIDE\workspace_1.14.1\msoe_lib_arch\msoe_lib\Debug\libmsoe_lib.a(msoe_clk_setup.o)
 .debug_macro   0x0000000000063095      0x378 C:\Users\nikiemao\STM32CubeIDE\workspace_1.14.1\msoe_lib_arch\msoe_lib\Debug\libmsoe_lib.a(msoe_clk_setup.o)
 .debug_macro   0x000000000006340d      0x3fb C:\Users\nikiemao\STM32CubeIDE\workspace_1.14.1\msoe_lib_arch\msoe_lib\Debug\libmsoe_lib.a(msoe_clk_setup.o)
 .debug_macro   0x0000000000063808       0xff C:\Users\nikiemao\STM32CubeIDE\workspace_1.14.1\msoe_lib_arch\msoe_lib\Debug\libmsoe_lib.a(msoe_clk_setup.o)
 .debug_macro   0x0000000000063907       0x1c C:\Users\nikiemao\STM32CubeIDE\workspace_1.14.1\msoe_lib_arch\msoe_lib\Debug\libmsoe_lib.a(msoe_clk_setup.o)
 .debug_macro   0x0000000000063923      0x520 C:\Users\nikiemao\STM32CubeIDE\workspace_1.14.1\msoe_lib_arch\msoe_lib\Debug\libmsoe_lib.a(msoe_clk_setup.o)
 .debug_macro   0x0000000000063e43       0xa4 C:\Users\nikiemao\STM32CubeIDE\workspace_1.14.1\msoe_lib_arch\msoe_lib\Debug\libmsoe_lib.a(msoe_clk_setup.o)
 .debug_macro   0x0000000000063ee7       0xad C:\Users\nikiemao\STM32CubeIDE\workspace_1.14.1\msoe_lib_arch\msoe_lib\Debug\libmsoe_lib.a(msoe_clk_setup.o)
 .debug_macro   0x0000000000063f94       0x19 C:\Users\nikiemao\STM32CubeIDE\workspace_1.14.1\msoe_lib_arch\msoe_lib\Debug\libmsoe_lib.a(msoe_clk_setup.o)
 .debug_macro   0x0000000000063fad      0x321 C:\Users\nikiemao\STM32CubeIDE\workspace_1.14.1\msoe_lib_arch\msoe_lib\Debug\libmsoe_lib.a(msoe_clk_setup.o)
 .debug_macro   0x00000000000642ce      0x916 C:\Users\nikiemao\STM32CubeIDE\workspace_1.14.1\msoe_lib_arch\msoe_lib\Debug\libmsoe_lib.a(msoe_clk_setup.o)
 .debug_macro   0x0000000000064be4       0xe4 C:\Users\nikiemao\STM32CubeIDE\workspace_1.14.1\msoe_lib_arch\msoe_lib\Debug\libmsoe_lib.a(msoe_clk_setup.o)
 .debug_macro   0x0000000000064cc8      0x3ad C:\Users\nikiemao\STM32CubeIDE\workspace_1.14.1\msoe_lib_arch\msoe_lib\Debug\libmsoe_lib.a(msoe_clk_setup.o)
 .debug_macro   0x0000000000065075       0x10 C:\Users\nikiemao\STM32CubeIDE\workspace_1.14.1\msoe_lib_arch\msoe_lib\Debug\libmsoe_lib.a(msoe_clk_setup.o)
 .debug_macro   0x0000000000065085       0xe4 C:\Users\nikiemao\STM32CubeIDE\workspace_1.14.1\msoe_lib_arch\msoe_lib\Debug\libmsoe_lib.a(msoe_clk_setup.o)
 .debug_macro   0x0000000000065169      0x1d4 C:\Users\nikiemao\STM32CubeIDE\workspace_1.14.1\msoe_lib_arch\msoe_lib\Debug\libmsoe_lib.a(msoe_clk_setup.o)
 .debug_macro   0x000000000006533d       0x28 C:\Users\nikiemao\STM32CubeIDE\workspace_1.14.1\msoe_lib_arch\msoe_lib\Debug\libmsoe_lib.a(msoe_clk_setup.o)
 .debug_macro   0x0000000000065365      0x361 C:\Users\nikiemao\STM32CubeIDE\workspace_1.14.1\msoe_lib_arch\msoe_lib\Debug\libmsoe_lib.a(msoe_clk_setup.o)
 .debug_macro   0x00000000000656c6      0x106 C:\Users\nikiemao\STM32CubeIDE\workspace_1.14.1\msoe_lib_arch\msoe_lib\Debug\libmsoe_lib.a(msoe_clk_setup.o)
 .debug_macro   0x00000000000657cc      0x5cf C:\Users\nikiemao\STM32CubeIDE\workspace_1.14.1\msoe_lib_arch\msoe_lib\Debug\libmsoe_lib.a(msoe_clk_setup.o)
 .debug_macro   0x0000000000065d9b       0xee C:\Users\nikiemao\STM32CubeIDE\workspace_1.14.1\msoe_lib_arch\msoe_lib\Debug\libmsoe_lib.a(msoe_clk_setup.o)
 .debug_macro   0x0000000000065e89       0xd6 C:\Users\nikiemao\STM32CubeIDE\workspace_1.14.1\msoe_lib_arch\msoe_lib\Debug\libmsoe_lib.a(msoe_clk_setup.o)
 .debug_macro   0x0000000000065f5f      0xbc5 C:\Users\nikiemao\STM32CubeIDE\workspace_1.14.1\msoe_lib_arch\msoe_lib\Debug\libmsoe_lib.a(msoe_clk_setup.o)
 .debug_macro   0x0000000000066b24      0x4ea C:\Users\nikiemao\STM32CubeIDE\workspace_1.14.1\msoe_lib_arch\msoe_lib\Debug\libmsoe_lib.a(msoe_clk_setup.o)
 .debug_macro   0x000000000006700e      0x3de C:\Users\nikiemao\STM32CubeIDE\workspace_1.14.1\msoe_lib_arch\msoe_lib\Debug\libmsoe_lib.a(msoe_clk_setup.o)
 .debug_macro   0x00000000000673ec      0x359 C:\Users\nikiemao\STM32CubeIDE\workspace_1.14.1\msoe_lib_arch\msoe_lib\Debug\libmsoe_lib.a(msoe_clk_setup.o)
 .debug_macro   0x0000000000067745      0x159 C:\Users\nikiemao\STM32CubeIDE\workspace_1.14.1\msoe_lib_arch\msoe_lib\Debug\libmsoe_lib.a(msoe_clk_setup.o)
 .debug_macro   0x000000000006789e      0x313 C:\Users\nikiemao\STM32CubeIDE\workspace_1.14.1\msoe_lib_arch\msoe_lib\Debug\libmsoe_lib.a(msoe_clk_setup.o)
 .debug_macro   0x0000000000067bb1       0x31 C:\Users\nikiemao\STM32CubeIDE\workspace_1.14.1\msoe_lib_arch\msoe_lib\Debug\libmsoe_lib.a(msoe_clk_setup.o)
 .debug_macro   0x0000000000067be2      0x31a C:\Users\nikiemao\STM32CubeIDE\workspace_1.14.1\msoe_lib_arch\msoe_lib\Debug\libmsoe_lib.a(msoe_clk_setup.o)
 .debug_macro   0x0000000000067efc      0x20b C:\Users\nikiemao\STM32CubeIDE\workspace_1.14.1\msoe_lib_arch\msoe_lib\Debug\libmsoe_lib.a(msoe_clk_setup.o)
 .debug_macro   0x0000000000068107       0xa9 C:\Users\nikiemao\STM32CubeIDE\workspace_1.14.1\msoe_lib_arch\msoe_lib\Debug\libmsoe_lib.a(msoe_clk_setup.o)
 .debug_macro   0x00000000000681b0       0xa4 C:\Users\nikiemao\STM32CubeIDE\workspace_1.14.1\msoe_lib_arch\msoe_lib\Debug\libmsoe_lib.a(msoe_clk_setup.o)
 .debug_macro   0x0000000000068254      0x1f4 C:\Users\nikiemao\STM32CubeIDE\workspace_1.14.1\msoe_lib_arch\msoe_lib\Debug\libmsoe_lib.a(msoe_clk_setup.o)
 .debug_macro   0x0000000000068448      0x22c C:\Users\nikiemao\STM32CubeIDE\workspace_1.14.1\msoe_lib_arch\msoe_lib\Debug\libmsoe_lib.a(msoe_clk_setup.o)
 .debug_macro   0x0000000000068674      0x6bd C:\Users\nikiemao\STM32CubeIDE\workspace_1.14.1\msoe_lib_arch\msoe_lib\Debug\libmsoe_lib.a(msoe_clk_setup.o)
 .debug_macro   0x0000000000068d31      0x184 C:\Users\nikiemao\STM32CubeIDE\workspace_1.14.1\msoe_lib_arch\msoe_lib\Debug\libmsoe_lib.a(msoe_clk_setup.o)
 .debug_macro   0x0000000000068eb5      0x18a C:\Users\nikiemao\STM32CubeIDE\workspace_1.14.1\msoe_lib_arch\msoe_lib\Debug\libmsoe_lib.a(msoe_clk_setup.o)
 .debug_macro   0x000000000006903f       0xe3 C:\Users\nikiemao\STM32CubeIDE\workspace_1.14.1\msoe_lib_arch\msoe_lib\Debug\libmsoe_lib.a(msoe_clk_setup.o)
 .debug_macro   0x0000000000069122      0x558 C:\Users\nikiemao\STM32CubeIDE\workspace_1.14.1\msoe_lib_arch\msoe_lib\Debug\libmsoe_lib.a(msoe_clk_setup.o)
 .debug_macro   0x000000000006967a      0x710 C:\Users\nikiemao\STM32CubeIDE\workspace_1.14.1\msoe_lib_arch\msoe_lib\Debug\libmsoe_lib.a(msoe_clk_setup.o)
 .debug_macro   0x0000000000069d8a       0xc9 C:\Users\nikiemao\STM32CubeIDE\workspace_1.14.1\msoe_lib_arch\msoe_lib\Debug\libmsoe_lib.a(msoe_stm_delay.o)

.debug_line     0x0000000000000000     0x431e
 .debug_line    0x0000000000000000      0xb06 ./Core/Src/basic_int.o
 .debug_line    0x0000000000000b06      0xb10 ./Core/Src/stm32u5xx_it.o
 .debug_line    0x0000000000001616      0x9d1 ./Core/Src/system_stm32u5xx.o
 .debug_line    0x0000000000001fe7       0x79 ./Core/Startup/startup_stm32u575zitxq.o
 .debug_line    0x0000000000002060      0xce3 ./Drivers/STM32U5xx_HAL_Driver/Src/stm32u5xx_hal.o
 .debug_line    0x0000000000002d43      0xfb8 C:\Users\nikiemao\STM32CubeIDE\workspace_1.14.1\msoe_lib_arch\msoe_lib\Debug\libmsoe_lib.a(msoe_clk_setup.o)
 .debug_line    0x0000000000003cfb      0x623 C:\Users\nikiemao\STM32CubeIDE\workspace_1.14.1\msoe_lib_arch\msoe_lib\Debug\libmsoe_lib.a(msoe_stm_delay.o)

.debug_str      0x0000000000000000   0x1b102a
 .debug_str     0x0000000000000000   0x15199c ./Core/Src/basic_int.o
                                     0x1537ac (size before relaxing)
 .debug_str     0x000000000015199c       0xdb ./Core/Src/stm32u5xx_it.o
                                     0x152c7e (size before relaxing)
 .debug_str     0x0000000000151a77       0xd4 ./Core/Src/system_stm32u5xx.o
                                     0x140e0e (size before relaxing)
 .debug_str     0x0000000000151b4b       0x35 ./Core/Startup/startup_stm32u575zitxq.o
                                         0x77 (size before relaxing)
 .debug_str     0x0000000000151b80      0x7d0 ./Drivers/STM32U5xx_HAL_Driver/Src/stm32u5xx_hal.o
                                     0x141bde (size before relaxing)
 .debug_str     0x0000000000152350    0x5ec98 C:\Users\nikiemao\STM32CubeIDE\workspace_1.14.1\msoe_lib_arch\msoe_lib\Debug\libmsoe_lib.a(msoe_clk_setup.o)
                                     0x19dbc5 (size before relaxing)
 .debug_str     0x00000000001b0fe8       0x42 C:\Users\nikiemao\STM32CubeIDE\workspace_1.14.1\msoe_lib_arch\msoe_lib\Debug\libmsoe_lib.a(msoe_stm_delay.o)
                                      0xd75cd (size before relaxing)

.debug_frame    0x0000000000000000      0x7f8
 .debug_frame   0x0000000000000000       0xb8 ./Core/Src/basic_int.o
 .debug_frame   0x00000000000000b8      0x124 ./Core/Src/stm32u5xx_it.o
 .debug_frame   0x00000000000001dc       0x58 ./Core/Src/system_stm32u5xx.o
 .debug_frame   0x0000000000000234      0x4c0 ./Drivers/STM32U5xx_HAL_Driver/Src/stm32u5xx_hal.o
 .debug_frame   0x00000000000006f4       0x58 C:\Users\nikiemao\STM32CubeIDE\workspace_1.14.1\msoe_lib_arch\msoe_lib\Debug\libmsoe_lib.a(msoe_clk_setup.o)
 .debug_frame   0x000000000000074c       0x80 C:\Users\nikiemao\STM32CubeIDE\workspace_1.14.1\msoe_lib_arch\msoe_lib\Debug\libmsoe_lib.a(msoe_stm_delay.o)
 .debug_frame   0x00000000000007cc       0x2c C:/ST/STM32CubeIDE/STM32CubeIDE/plugins/com.st.stm32cube.ide.mcu.externaltools.gnu-tools-for-stm32.11.3.rel1.win32_1.1.100.202309141235/tools/bin/../lib/gcc/arm-none-eabi/11.3.1/../../../../arm-none-eabi/lib/thumb/v8-m.main+fp/hard\libc_nano.a(libc_a-init.o)

.debug_line_str
                0x0000000000000000       0x6b
 .debug_line_str
                0x0000000000000000       0x6b ./Core/Startup/startup_stm32u575zitxq.o
                                         0x84 (size before relaxing)
