Archive member included to satisfy reference by file (symbol)

C:\Users\nikiemao\STM32CubeIDE\workspace_1.14.1\msoe_lib_arch\msoe_lib\Debug\libmsoe_lib.a(msoe_clk_setup.o)
                              ./Core/Src/tool_time.o (msoe_clk_setup)
C:\Users\nikiemao\STM32CubeIDE\workspace_1.14.1\msoe_lib_arch\msoe_lib\Debug\libmsoe_lib.a(msoe_stm_delay.o)
                              ./Core/Src/tool_time.o (msoe_delay_init)
C:\Users\nikiemao\STM32CubeIDE\workspace_1.14.1\msoe_lib_arch\msoe_lib\Debug\libmsoe_lib.a(msoe_stm_lcd.o)
                              ./Core/Src/tool_time.o (LCD_IO_Init)
C:\Users\nikiemao\STM32CubeIDE\workspace_1.14.1\msoe_lib_arch\msoe_lib\Debug\libmsoe_lib.a(st7735.o)
                              C:\Users\nikiemao\STM32CubeIDE\workspace_1.14.1\msoe_lib_arch\msoe_lib\Debug\libmsoe_lib.a(msoe_stm_lcd.o) (st7735_Init)
C:\Users\nikiemao\STM32CubeIDE\workspace_1.14.1\msoe_lib_arch\msoe_lib\Debug\libmsoe_lib.a(stm32_adafruit_lcd.o)
                              C:\Users\nikiemao\STM32CubeIDE\workspace_1.14.1\msoe_lib_arch\msoe_lib\Debug\libmsoe_lib.a(msoe_stm_lcd.o) (Font12)
C:/ST/STM32CubeIDE/STM32CubeIDE/plugins/com.st.stm32cube.ide.mcu.externaltools.gnu-tools-for-stm32.11.3.rel1.win32_1.1.100.202309141235/tools/bin/../lib/gcc/arm-none-eabi/11.3.1/../../../../arm-none-eabi/lib/thumb/v8-m.main+fp/hard\libc_nano.a(libc_a-exit.o)
                              C:/ST/STM32CubeIDE/STM32CubeIDE/plugins/com.st.stm32cube.ide.mcu.externaltools.gnu-tools-for-stm32.11.3.rel1.win32_1.1.100.202309141235/tools/bin/../lib/gcc/arm-none-eabi/11.3.1/../../../../arm-none-eabi/lib/thumb/v8-m.main+fp/hard/crt0.o (exit)
C:/ST/STM32CubeIDE/STM32CubeIDE/plugins/com.st.stm32cube.ide.mcu.externaltools.gnu-tools-for-stm32.11.3.rel1.win32_1.1.100.202309141235/tools/bin/../lib/gcc/arm-none-eabi/11.3.1/../../../../arm-none-eabi/lib/thumb/v8-m.main+fp/hard\libc_nano.a(libc_a-findfp.o)
                              C:/ST/STM32CubeIDE/STM32CubeIDE/plugins/com.st.stm32cube.ide.mcu.externaltools.gnu-tools-for-stm32.11.3.rel1.win32_1.1.100.202309141235/tools/bin/../lib/gcc/arm-none-eabi/11.3.1/../../../../arm-none-eabi/lib/thumb/v8-m.main+fp/hard\libc_nano.a(libc_a-exit.o) (__stdio_exit_handler)
C:/ST/STM32CubeIDE/STM32CubeIDE/plugins/com.st.stm32cube.ide.mcu.externaltools.gnu-tools-for-stm32.11.3.rel1.win32_1.1.100.202309141235/tools/bin/../lib/gcc/arm-none-eabi/11.3.1/../../../../arm-none-eabi/lib/thumb/v8-m.main+fp/hard\libc_nano.a(libc_a-fwalk.o)
                              C:/ST/STM32CubeIDE/STM32CubeIDE/plugins/com.st.stm32cube.ide.mcu.externaltools.gnu-tools-for-stm32.11.3.rel1.win32_1.1.100.202309141235/tools/bin/../lib/gcc/arm-none-eabi/11.3.1/../../../../arm-none-eabi/lib/thumb/v8-m.main+fp/hard\libc_nano.a(libc_a-findfp.o) (_fwalk_sglue)
C:/ST/STM32CubeIDE/STM32CubeIDE/plugins/com.st.stm32cube.ide.mcu.externaltools.gnu-tools-for-stm32.11.3.rel1.win32_1.1.100.202309141235/tools/bin/../lib/gcc/arm-none-eabi/11.3.1/../../../../arm-none-eabi/lib/thumb/v8-m.main+fp/hard\libc_nano.a(libc_a-stdio.o)
                              C:/ST/STM32CubeIDE/STM32CubeIDE/plugins/com.st.stm32cube.ide.mcu.externaltools.gnu-tools-for-stm32.11.3.rel1.win32_1.1.100.202309141235/tools/bin/../lib/gcc/arm-none-eabi/11.3.1/../../../../arm-none-eabi/lib/thumb/v8-m.main+fp/hard\libc_nano.a(libc_a-findfp.o) (__sread)
C:/ST/STM32CubeIDE/STM32CubeIDE/plugins/com.st.stm32cube.ide.mcu.externaltools.gnu-tools-for-stm32.11.3.rel1.win32_1.1.100.202309141235/tools/bin/../lib/gcc/arm-none-eabi/11.3.1/../../../../arm-none-eabi/lib/thumb/v8-m.main+fp/hard\libc_nano.a(libc_a-memset.o)
                              C:/ST/STM32CubeIDE/STM32CubeIDE/plugins/com.st.stm32cube.ide.mcu.externaltools.gnu-tools-for-stm32.11.3.rel1.win32_1.1.100.202309141235/tools/bin/../lib/gcc/arm-none-eabi/11.3.1/../../../../arm-none-eabi/lib/thumb/v8-m.main+fp/hard/crt0.o (memset)
C:/ST/STM32CubeIDE/STM32CubeIDE/plugins/com.st.stm32cube.ide.mcu.externaltools.gnu-tools-for-stm32.11.3.rel1.win32_1.1.100.202309141235/tools/bin/../lib/gcc/arm-none-eabi/11.3.1/../../../../arm-none-eabi/lib/thumb/v8-m.main+fp/hard\libc_nano.a(libc_a-closer.o)
                              C:/ST/STM32CubeIDE/STM32CubeIDE/plugins/com.st.stm32cube.ide.mcu.externaltools.gnu-tools-for-stm32.11.3.rel1.win32_1.1.100.202309141235/tools/bin/../lib/gcc/arm-none-eabi/11.3.1/../../../../arm-none-eabi/lib/thumb/v8-m.main+fp/hard\libc_nano.a(libc_a-stdio.o) (_close_r)
C:/ST/STM32CubeIDE/STM32CubeIDE/plugins/com.st.stm32cube.ide.mcu.externaltools.gnu-tools-for-stm32.11.3.rel1.win32_1.1.100.202309141235/tools/bin/../lib/gcc/arm-none-eabi/11.3.1/../../../../arm-none-eabi/lib/thumb/v8-m.main+fp/hard\libc_nano.a(libc_a-reent.o)
[...]
Memory Configuration

Name             Origin             Length             Attributes
RAM              0x0000000020000000 0x00000000000c0000 xrw
SRAM4            0x0000000028000000 0x0000000000004000 xrw
FLASH            0x0000000008000000 0x0000000000200000 xr
*default*        0x0000000000000000 0xffffffffffffffff

Linker script and memory map

LOAD C:/ST/STM32CubeIDE/STM32CubeIDE/plugins/com.st.stm32cube.ide.mcu.externaltools.gnu-tools-for-stm32.11.3.rel1.win32_1.1.100.202309141235/tools/bin/../lib/gcc/arm-none-eabi/11.3.1/thumb/v8-m.main+fp/hard/crti.o
LOAD C:/ST/STM32CubeIDE/STM32CubeIDE/plugins/com.st.stm32cube.ide.mcu.externaltools.gnu-tools-for-stm32.11.3.rel1.win32_1.1.100.202309141235/tools/bin/../lib/gcc/arm-none-eabi/11.3.1/thumb/v8-m.main+fp/hard/crtbegin.o
LOAD C:/ST/STM32CubeIDE/STM32CubeIDE/plugins/com.st.stm32cube.ide.mcu.externaltools.gnu-tools-for-stm32.11.3.rel1.win32_1.1.100.202309141235/tools/bin/../lib/gcc/arm-none-eabi/11.3.1/../../../../arm-none-eabi/lib/thumb/v8-m.main+fp/hard/crt0.o
LOAD ./Core/Src/stm32u5xx_hal_msp.o
LOAD ./Core/Src/stm32u5xx_it.o
LOAD ./Core/Src/syscalls.o
LOAD ./Core/Src/sysmem.o
LOAD ./Core/Src/system_stm32u5xx.o
LOAD ./Core/Src/tool_time.o
LOAD ./Core/Startup/startup_stm32u575zitxq.o
LOAD ./Drivers/STM32U5xx_HAL_Driver/Src/stm32u5xx_hal.o
LOAD ./Drivers/STM32U5xx_HAL_Driver/Src/stm32u5xx_hal_adc.o
LOAD ./Drivers/STM32U5xx_HAL_Driver/Src/stm32u5xx_hal_adc_ex.o
LOAD ./Drivers/STM32U5xx_HAL_Driver/Src/stm32u5xx_hal_cortex.o
LOAD ./Drivers/STM32U5xx_HAL_Driver/Src/stm32u5xx_hal_dma.o
LOAD ./Drivers/STM32U5xx_HAL_Driver/Src/stm32u5xx_hal_dma_ex.o
LOAD ./Drivers/STM32U5xx_HAL_Driver/Src/stm32u5xx_hal_exti.o
LOAD ./Drivers/STM32U5xx_HAL_Driver/Src/stm32u5xx_hal_flash.o
LOAD ./Drivers/STM32U5xx_HAL_Driver/Src/stm32u5xx_hal_flash_ex.o
LOAD ./Drivers/STM32U5xx_HAL_Driver/Src/stm32u5xx_hal_gpio.o
LOAD ./Drivers/STM32U5xx_HAL_Driver/Src/stm32u5xx_hal_gtzc.o
LOAD ./Drivers/STM32U5xx_HAL_Driver/Src/stm32u5xx_hal_i2c.o
LOAD ./Drivers/STM32U5xx_HAL_Driver/Src/stm32u5xx_hal_i2c_ex.o
LOAD ./Drivers/STM32U5xx_HAL_Driver/Src/stm32u5xx_hal_icache.o
LOAD ./Drivers/STM32U5xx_HAL_Driver/Src/stm32u5xx_hal_pcd.o
LOAD ./Drivers/STM32U5xx_HAL_Driver/Src/stm32u5xx_hal_pcd_ex.o
LOAD ./Drivers/STM32U5xx_HAL_Driver/Src/stm32u5xx_hal_pwr.o
LOAD ./Drivers/STM32U5xx_HAL_Driver/Src/stm32u5xx_hal_pwr_ex.o
LOAD ./Drivers/STM32U5xx_HAL_Driver/Src/stm32u5xx_hal_rcc.o
LOAD ./Drivers/STM32U5xx_HAL_Driver/Src/stm32u5xx_hal_rcc_ex.o
LOAD ./Drivers/STM32U5xx_HAL_Driver/Src/stm32u5xx_hal_tim.o
LOAD ./Drivers/STM32U5xx_HAL_Driver/Src/stm32u5xx_hal_tim_ex.o
LOAD ./Drivers/STM32U5xx_HAL_Driver/Src/stm32u5xx_hal_uart.o
LOAD ./Drivers/STM32U5xx_HAL_Driver/Src/stm32u5xx_hal_uart_ex.o
LOAD ./Drivers/STM32U5xx_HAL_Driver/Src/stm32u5xx_ll_dma.o
LOAD ./Drivers/STM32U5xx_HAL_Driver/Src/stm32u5xx_ll_exti.o
LOAD ./Drivers/STM32U5xx_HAL_Driver/Src/stm32u5xx_ll_gpio.o
LOAD ./Drivers/STM32U5xx_HAL_Driver/Src/stm32u5xx_ll_lpgpio.o
LOAD ./Drivers/STM32U5xx_HAL_Driver/Src/stm32u5xx_ll_ucpd.o
LOAD ./Drivers/STM32U5xx_HAL_Driver/Src/stm32u5xx_ll_usb.o
LOAD ./Drivers/STM32U5xx_HAL_Driver/Src/stm32u5xx_ll_utils.o
LOAD C:\Users\nikiemao\STM32CubeIDE\workspace_1.14.1\msoe_lib_arch\msoe_lib\Debug\libmsoe_lib.a
START GROUP
LOAD C:/ST/STM32CubeIDE/STM32CubeIDE/plugins/com.st.stm32cube.ide.mcu.externaltools.gnu-tools-for-stm32.11.3.rel1.win32_1.1.100.202309141235/tools/bin/../lib/gcc/arm-none-eabi/11.3.1/../../../../arm-none-eabi/lib/thumb/v8-m.main+fp/hard\libc_nano.a
LOAD C:/ST/STM32CubeIDE/STM32CubeIDE/plugins/com.st.stm32cube.ide.mcu.externaltools.gnu-tools-for-stm32.11.3.rel1.win32_1.1.100.202309141235/tools/bin/../lib/gcc/arm-none-eabi/11.3.1/../../../../arm-none-eabi/lib/thumb/v8-m.main+fp/hard\libm.a
END GROUP
START GROUP
LOAD C:/ST/STM32CubeIDE/STM32CubeIDE/plugins/com.st.stm32cube.ide.mcu.externaltools.gnu-tools-for-stm32.11.3.rel1.win32_1.1.100.202309141235/tools/bin/../lib/gcc/arm-none-eabi/11.3.1/thumb/v8-m.main+fp/hard\libgcc.a
LOAD C:/ST/STM32CubeIDE/STM32CubeIDE/plugins/com.st.stm32cube.ide.mcu.externaltools.gnu-tools-for-stm32.11.3.rel1.win32_1.1.100.202309141235/tools/bin/../lib/gcc/arm-none-eabi/11.3.1/../../../../arm-none-eabi/lib/thumb/v8-m.main+fp/hard\libc_nano.a
END GROUP
START GROUP
LOAD C:/ST/STM32CubeIDE/STM32CubeIDE/plugins/com.st.stm32cube.ide.mcu.externaltools.gnu-tools-for-stm32.11.3.rel1.win32_1.1.100.202309141235/tools/bin/../lib/gcc/arm-none-eabi/11.3.1/thumb/v8-m.main+fp/hard\libgcc.a
LOAD C:/ST/STM32CubeIDE/STM32CubeIDE/plugins/com.st.stm32cube.ide.mcu.externaltools.gnu-tools-for-stm32.11.3.rel1.win32_1.1.100.202309141235/tools/bin/../lib/gcc/arm-none-eabi/11.3.1/../../../../arm-none-eabi/lib/thumb/v8-m.main+fp/hard\libc_nano.a
LOAD C:/ST/STM32CubeIDE/STM32CubeIDE/plugins/com.st.stm32cube.ide.mcu.externaltools.gnu-tools-for-stm32.11.3.rel1.win32_1.1.100.202309141235/tools/bin/../lib/gcc/arm-none-eabi/11.3.1/../../../../arm-none-eabi/lib/thumb/v8-m.main+fp/hard\libnosys.a
END GROUP
START GROUP
LOAD C:/ST/STM32CubeIDE/STM32CubeIDE/plugins/com.st.stm32cube.ide.mcu.externaltools.gnu-tools-for-stm32.11.3.rel1.win32_1.1.100.202309141235/tools/bin/../lib/gcc/arm-none-eabi/11.3.1/thumb/v8-m.main+fp/hard\libgcc.a
LOAD C:/ST/STM32CubeIDE/STM32CubeIDE/plugins/com.st.stm32cube.ide.mcu.externaltools.gnu-tools-for-stm32.11.3.rel1.win32_1.1.100.202309141235/tools/bin/../lib/gcc/arm-none-eabi/11.3.1/../../../../arm-none-eabi/lib/thumb/v8-m.main+fp/hard\libc_nano.a
LOAD C:/ST/STM32CubeIDE/STM32CubeIDE/plugins/com.st.stm32cube.ide.mcu.externaltools.gnu-tools-for-stm32.11.3.rel1.win32_1.1.100.202309141235/tools/bin/../lib/gcc/arm-none-eabi/11.3.1/../../../../arm-none-eabi/lib/thumb/v8-m.main+fp/hard\libnosys.a
END GROUP
LOAD C:/ST/STM32CubeIDE/STM32CubeIDE/plugins/com.st.stm32cube.ide.mcu.externaltools.gnu-tools-for-stm32.11.3.rel1.win32_1.1.100.202309141235/tools/bin/../lib/gcc/arm-none-eabi/11.3.1/thumb/v8-m.main+fp/hard/crtend.o
LOAD C:/ST/STM32CubeIDE/STM32CubeIDE/plugins/com.st.stm32cube.ide.mcu.externaltools.gnu-tools-for-stm32.11.3.rel1.win32_1.1.100.202309141235/tools/bin/../lib/gcc/arm-none-eabi/11.3.1/thumb/v8-m.main+fp/hard/crtn.o
                0x00000000200c0000                _estack = (ORIGIN (RAM) + LENGTH (RAM))
                0x0000000000000200                _Min_Heap_Size = 0x200
                0x0000000000000400                _Min_Stack_Size = 0x400

.isr_vector     0x0000000008000000      0x238
 *(.isr_vector)
 .isr_vector    0x0000000008000000      0x238 ./Core/Startup/startup_stm32u575zitxq.o
                0x0000000008000000                g_pfnVectors

.text           0x0000000008000238     0x1418
 *(.text)
 .text          0x0000000008000238       0x40 C:/ST/STM32CubeIDE/STM32CubeIDE/plugins/com.st.stm32cube.ide.mcu.externaltools.gnu-tools-for-stm32.11.3.rel1.win32_1.1.100.202309141235/tools/bin/../lib/gcc/arm-none-eabi/11.3.1/thumb/v8-m.main+fp/hard/crtbegin.o
 *(.text*)
 .text.NMI_Handler
                0x0000000008000278        0x6 ./Core/Src/stm32u5xx_it.o
                0x0000000008000278                NMI_Handler
 .text.HardFault_Handler
                0x000000000800027e        0x6 ./Core/Src/stm32u5xx_it.o
                0x000000000800027e                HardFault_Handler
 .text.MemManage_Handler
                0x0000000008000284        0x6 ./Core/Src/stm32u5xx_it.o
                0x0000000008000284                MemManage_Handler
 .text.BusFault_Handler
                0x000000000800028a        0x6 ./Core/Src/stm32u5xx_it.o
                0x000000000800028a                BusFault_Handler
 .text.UsageFault_Handler
                0x0000000008000290        0x6 ./Core/Src/stm32u5xx_it.o
                0x0000000008000290                UsageFault_Handler
 .text.SVC_Handler
                0x0000000008000296        0xe ./Core/Src/stm32u5xx_it.o
                0x0000000008000296                SVC_Handler
 .text.DebugMon_Handler
                0x00000000080002a4        0xe ./Core/Src/stm32u5xx_it.o
                0x00000000080002a4                DebugMon_Handler
 .text.PendSV_Handler
                0x00000000080002b2        0xe ./Core/Src/stm32u5xx_it.o
                0x00000000080002b2                PendSV_Handler
 .text.SysTick_Handler
                0x00000000080002c0        0xc ./Core/Src/stm32u5xx_it.o
                0x00000000080002c0                SysTick_Handler
 .text.SystemInit
                0x00000000080002cc       0x70 ./Core/Src/system_stm32u5xx.o
                0x00000000080002cc                SystemInit
 .text.main     0x000000000800033c       0xd0 ./Core/Src/tool_time.o
                0x000000000800033c                main
 .text.init_GPIO_port_pins
                0x000000000800040c       0x3c ./Core/Src/tool_time.o
                0x000000000800040c                init_GPIO_port_pins
 .text.read_pushbutton
                0x0000000008000448       0x30 ./Core/Src/tool_time.o
                0x0000000008000448                read_pushbutton
 .text.Reset_Handler
                0x0000000008000478       0x50 ./Core/Startup/startup_stm32u575zitxq.o
                0x0000000008000478                Reset_Handler
 .text.Default_Handler
                0x00000000080004c8        0x2 ./Core/Startup/startup_stm32u575zitxq.o
                0x00000000080004c8                EXTI2_IRQHandler
                0x00000000080004c8                TIM8_TRG_COM_IRQHandler
                0x00000000080004c8                TIM8_CC_IRQHandler
                0x00000000080004c8                EXTI5_IRQHandler
                0x00000000080004c8                FLASH_S_IRQHandler
                0x00000000080004c8                EXTI13_IRQHandler
                0x00000000080004c8                TIM1_CC_IRQHandler
                0x00000000080004c8                TSC_IRQHandler
                0x00000000080004c8                TAMP_IRQHandler
                0x00000000080004c8                TIM6_IRQHandler
                0x00000000080004c8                EXTI12_IRQHandler
                0x00000000080004c8                CORDIC_IRQHandler
                0x00000000080004c8                EXTI3_IRQHandler
                0x00000000080004c8                LPTIM4_IRQHandler
                0x00000000080004c8                GPDMA1_Channel5_IRQHandler
                0x00000000080004c8                EXTI8_IRQHandler
                0x00000000080004c8                LPTIM2_IRQHandler
                0x00000000080004c8                I2C3_ER_IRQHandler
                0x00000000080004c8                PWR_S3WU_IRQHandler
                0x00000000080004c8                MDF1_FLT2_IRQHandler
                0x00000000080004c8                LPDMA1_Channel3_IRQHandler
                0x00000000080004c8                LPTIM3_IRQHandler
                0x00000000080004c8                EXTI0_IRQHandler
                0x00000000080004c8                I2C2_EV_IRQHandler
                0x00000000080004c8                FPU_IRQHandler
                0x00000000080004c8                GPDMA1_Channel3_IRQHandler
                0x00000000080004c8                GPDMA1_Channel7_IRQHandler
                0x00000000080004c8                MDF1_FLT4_IRQHandler
                0x00000000080004c8                FDCAN1_IT1_IRQHandler
                0x00000000080004c8                RAMCFG_IRQHandler
                0x00000000080004c8                GPDMA1_Channel9_IRQHandler
                0x00000000080004c8                DCACHE1_IRQHandler
                0x00000000080004c8                SPI1_IRQHandler
                0x00000000080004c8                OCTOSPI1_IRQHandler
                0x00000000080004c8                GPDMA1_Channel2_IRQHandler
                0x00000000080004c8                TIM8_UP_IRQHandler
                0x00000000080004c8                RCC_S_IRQHandler
                0x00000000080004c8                OCTOSPI2_IRQHandler
                0x00000000080004c8                SAI2_IRQHandler
                0x00000000080004c8                MDF1_FLT1_IRQHandler
                0x00000000080004c8                ADC1_IRQHandler
                0x00000000080004c8                MDF1_FLT5_IRQHandler
                0x00000000080004c8                EXTI15_IRQHandler
                0x00000000080004c8                TIM17_IRQHandler
                0x00000000080004c8                USART3_IRQHandler
                0x00000000080004c8                RTC_IRQHandler
                0x00000000080004c8                EXTI9_IRQHandler
                0x00000000080004c8                UART5_IRQHandler
                0x00000000080004c8                TIM4_IRQHandler
                0x00000000080004c8                I2C1_EV_IRQHandler
                0x00000000080004c8                GPDMA1_Channel12_IRQHandler
                0x00000000080004c8                GPDMA1_Channel1_IRQHandler
                0x00000000080004c8                TIM16_IRQHandler
                0x00000000080004c8                GPDMA1_Channel15_IRQHandler
                0x00000000080004c8                UART4_IRQHandler
                0x00000000080004c8                SecureFault_Handler
                0x00000000080004c8                TIM3_IRQHandler
                0x00000000080004c8                RCC_IRQHandler
                0x00000000080004c8                TIM1_TRG_COM_IRQHandler
                0x00000000080004c8                Default_Handler
                0x00000000080004c8                GPDMA1_Channel8_IRQHandler
                0x00000000080004c8                FMAC_IRQHandler
                0x00000000080004c8                GPDMA1_Channel11_IRQHandler
                0x00000000080004c8                TIM7_IRQHandler
                0x00000000080004c8                SDMMC1_IRQHandler
                0x00000000080004c8                TIM5_IRQHandler
                0x00000000080004c8                UCPD1_IRQHandler
                0x00000000080004c8                GPDMA1_Channel0_IRQHandler
                0x00000000080004c8                TIM15_IRQHandler
                0x00000000080004c8                I2C3_EV_IRQHandler
                0x00000000080004c8                LPDMA1_Channel0_IRQHandler
                0x00000000080004c8                PVD_PVM_IRQHandler
                0x00000000080004c8                SPI2_IRQHandler
                0x00000000080004c8                LPDMA1_Channel1_IRQHandler
                0x00000000080004c8                EXTI14_IRQHandler
                0x00000000080004c8                EXTI11_IRQHandler
                0x00000000080004c8                CRS_IRQHandler
                0x00000000080004c8                GPDMA1_Channel14_IRQHandler
                0x00000000080004c8                LSECSSD_IRQHandler
                0x00000000080004c8                EXTI4_IRQHandler
                0x00000000080004c8                RTC_S_IRQHandler
                0x00000000080004c8                GPDMA1_Channel13_IRQHandler
                0x00000000080004c8                RNG_IRQHandler
                0x00000000080004c8                COMP_IRQHandler
                0x00000000080004c8                TIM1_UP_IRQHandler
                0x00000000080004c8                ADC4_IRQHandler
                0x00000000080004c8                WWDG_IRQHandler
                0x00000000080004c8                I2C4_EV_IRQHandler
                0x00000000080004c8                ADF1_IRQHandler
                0x00000000080004c8                IWDG_IRQHandler
                0x00000000080004c8                LPUART1_IRQHandler
                0x00000000080004c8                MDF1_FLT0_IRQHandler
                0x00000000080004c8                FDCAN1_IT0_IRQHandler
                0x00000000080004c8                TIM2_IRQHandler
                0x00000000080004c8                GPDMA1_Channel4_IRQHandler
                0x00000000080004c8                EXTI7_IRQHandler
                0x00000000080004c8                DMA2D_IRQHandler
                0x00000000080004c8                TIM1_BRK_IRQHandler
                0x00000000080004c8                EXTI1_IRQHandler
                0x00000000080004c8                SDMMC2_IRQHandler
                0x00000000080004c8                DAC1_IRQHandler
                0x00000000080004c8                GTZC_IRQHandler
                0x00000000080004c8                MDF1_FLT3_IRQHandler
                0x00000000080004c8                USART2_IRQHandler
                0x00000000080004c8                GPDMA1_Channel6_IRQHandler
                0x00000000080004c8                I2C2_ER_IRQHandler
                0x00000000080004c8                TIM8_BRK_IRQHandler
                0x00000000080004c8                FLASH_IRQHandler
                0x00000000080004c8                USART1_IRQHandler
                0x00000000080004c8                EXTI10_IRQHandler
                0x00000000080004c8                OTG_FS_IRQHandler
                0x00000000080004c8                SPI3_IRQHandler
                0x00000000080004c8                LPDMA1_Channel2_IRQHandler
                0x00000000080004c8                I2C1_ER_IRQHandler
                0x00000000080004c8                FMC_IRQHandler
                0x00000000080004c8                EXTI6_IRQHandler
                0x00000000080004c8                LPTIM1_IRQHandler
                0x00000000080004c8                DCMI_PSSI_IRQHandler
                0x00000000080004c8                I2C4_ER_IRQHandler
                0x00000000080004c8                GPDMA1_Channel10_IRQHandler
                0x00000000080004c8                ICACHE_IRQHandler
                0x00000000080004c8                SAI1_IRQHandler
                0x00000000080004c8                HASH_IRQHandler
 *fill*         0x00000000080004ca        0x2 
 .text.HAL_IncTick
                0x00000000080004cc       0x28 ./Drivers/STM32U5xx_HAL_Driver/Src/stm32u5xx_hal.o
                0x00000000080004cc                HAL_IncTick
 .text.msoe_clk_setup
                0x00000000080004f4       0xf8 C:\Users\nikiemao\STM32CubeIDE\workspace_1.14.1\msoe_lib_arch\msoe_lib\Debug\libmsoe_lib.a(msoe_clk_setup.o)
                0x00000000080004f4                msoe_clk_setup
 .text.msoe_delay_init
                0x00000000080005ec       0x40 C:\Users\nikiemao\STM32CubeIDE\workspace_1.14.1\msoe_lib_arch\msoe_lib\Debug\libmsoe_lib.a(msoe_stm_delay.o)
                0x00000000080005ec                msoe_delay_init
 .text.LCD_IO_WriteReg
                0x000000000800062c       0x5c C:\Users\nikiemao\STM32CubeIDE\workspace_1.14.1\msoe_lib_arch\msoe_lib\Debug\libmsoe_lib.a(msoe_stm_lcd.o)
                0x000000000800062c                LCD_IO_WriteReg
 .text.LCD_IO_WriteMultipleData
                0x0000000008000688       0xb4 C:\Users\nikiemao\STM32CubeIDE\workspace_1.14.1\msoe_lib_arch\msoe_lib\Debug\libmsoe_lib.a(msoe_stm_lcd.o)
                0x0000000008000688                LCD_IO_WriteMultipleData
 .text.LCD_Delay
                0x000000000800073c       0x2a C:\Users\nikiemao\STM32CubeIDE\workspace_1.14.1\msoe_lib_arch\msoe_lib\Debug\libmsoe_lib.a(msoe_stm_lcd.o)
                0x000000000800073c                LCD_Delay
 *fill*         0x0000000008000766        0x2 
 .text.LCD_GPIO_Config
                0x0000000008000768       0x88 C:\Users\nikiemao\STM32CubeIDE\workspace_1.14.1\msoe_lib_arch\msoe_lib\Debug\libmsoe_lib.a(msoe_stm_lcd.o)
                0x0000000008000768                LCD_GPIO_Config
 .text.LCD_SPI_Config
                0x00000000080007f0       0x78 C:\Users\nikiemao\STM32CubeIDE\workspace_1.14.1\msoe_lib_arch\msoe_lib\Debug\libmsoe_lib.a(msoe_stm_lcd.o)
                0x00000000080007f0                LCD_SPI_Config
 .text.LCD_IO_Init
                0x0000000008000868       0x6c C:\Users\nikiemao\STM32CubeIDE\workspace_1.14.1\msoe_lib_arch\msoe_lib\Debug\libmsoe_lib.a(msoe_stm_lcd.o)
                0x0000000008000868                LCD_IO_Init
 .text.LCD_clear
                0x00000000080008d4        0xe C:\Users\nikiemao\STM32CubeIDE\workspace_1.14.1\msoe_lib_arch\msoe_lib\Debug\libmsoe_lib.a(msoe_stm_lcd.o)
                0x00000000080008d4                LCD_clear
 .text.LCD_print_str
                0x00000000080008e2       0x4c C:\Users\nikiemao\STM32CubeIDE\workspace_1.14.1\msoe_lib_arch\msoe_lib\Debug\libmsoe_lib.a(msoe_stm_lcd.o)
                0x00000000080008e2                LCD_print_str
 .text.st7735_Init
                0x000000000800092e      0x284 C:\Users\nikiemao\STM32CubeIDE\workspace_1.14.1\msoe_lib_arch\msoe_lib\Debug\libmsoe_lib.a(st7735.o)
                0x000000000800092e                st7735_Init
 .text.st7735_DisplayOn
                0x0000000008000bb2       0x3e C:\Users\nikiemao\STM32CubeIDE\workspace_1.14.1\msoe_lib_arch\msoe_lib\Debug\libmsoe_lib.a(st7735.o)
                0x0000000008000bb2                st7735_DisplayOn
 .text.st7735_DisplayOff
                0x0000000008000bf0       0x3e C:\Users\nikiemao\STM32CubeIDE\workspace_1.14.1\msoe_lib_arch\msoe_lib\Debug\libmsoe_lib.a(st7735.o)
                0x0000000008000bf0                st7735_DisplayOff
 .text.st7735_SetCursor
                0x0000000008000c2e       0x7e C:\Users\nikiemao\STM32CubeIDE\workspace_1.14.1\msoe_lib_arch\msoe_lib\Debug\libmsoe_lib.a(st7735.o)
                0x0000000008000c2e                st7735_SetCursor
 .text.st7735_WritePixel
                0x0000000008000cac       0x60 C:\Users\nikiemao\STM32CubeIDE\workspace_1.14.1\msoe_lib_arch\msoe_lib\Debug\libmsoe_lib.a(st7735.o)
                0x0000000008000cac                st7735_WritePixel
 .text.st7735_WriteReg
                0x0000000008000d0c       0x2a C:\Users\nikiemao\STM32CubeIDE\workspace_1.14.1\msoe_lib_arch\msoe_lib\Debug\libmsoe_lib.a(st7735.o)
                0x0000000008000d0c                st7735_WriteReg
 .text.st7735_SetDisplayWindow
                0x0000000008000d36       0xf6 C:\Users\nikiemao\STM32CubeIDE\workspace_1.14.1\msoe_lib_arch\msoe_lib\Debug\libmsoe_lib.a(st7735.o)
                0x0000000008000d36                st7735_SetDisplayWindow
 .text.st7735_DrawHLine
                0x0000000008000e2c       0x74 C:\Users\nikiemao\STM32CubeIDE\workspace_1.14.1\msoe_lib_arch\msoe_lib\Debug\libmsoe_lib.a(st7735.o)
                0x0000000008000e2c                st7735_DrawHLine
 .text.st7735_DrawVLine
                0x0000000008000ea0       0x60 C:\Users\nikiemao\STM32CubeIDE\workspace_1.14.1\msoe_lib_arch\msoe_lib\Debug\libmsoe_lib.a(st7735.o)
                0x0000000008000ea0                st7735_DrawVLine
 .text.st7735_GetLcdPixelWidth
                0x0000000008000f00       0x10 C:\Users\nikiemao\STM32CubeIDE\workspace_1.14.1\msoe_lib_arch\msoe_lib\Debug\libmsoe_lib.a(st7735.o)
                0x0000000008000f00                st7735_GetLcdPixelWidth
 .text.st7735_GetLcdPixelHeight
                0x0000000008000f10       0x10 C:\Users\nikiemao\STM32CubeIDE\workspace_1.14.1\msoe_lib_arch\msoe_lib\Debug\libmsoe_lib.a(st7735.o)
                0x0000000008000f10                st7735_GetLcdPixelHeight
 .text.st7735_DrawBitmap
                0x0000000008000f20       0x92 C:\Users\nikiemao\STM32CubeIDE\workspace_1.14.1\msoe_lib_arch\msoe_lib\Debug\libmsoe_lib.a(st7735.o)
                0x0000000008000f20                st7735_DrawBitmap
 *fill*         0x0000000008000fb2        0x2 
 .text.BSP_LCD_Init
                0x0000000008000fb4       0x4c C:\Users\nikiemao\STM32CubeIDE\workspace_1.14.1\msoe_lib_arch\msoe_lib\Debug\libmsoe_lib.a(stm32_adafruit_lcd.o)
                0x0000000008000fb4                BSP_LCD_Init
 .text.BSP_LCD_GetXSize
                0x0000000008001000       0x18 C:\Users\nikiemao\STM32CubeIDE\workspace_1.14.1\msoe_lib_arch\msoe_lib\Debug\libmsoe_lib.a(stm32_adafruit_lcd.o)
                0x0000000008001000                BSP_LCD_GetXSize
 .text.BSP_LCD_GetYSize
                0x0000000008001018       0x18 C:\Users\nikiemao\STM32CubeIDE\workspace_1.14.1\msoe_lib_arch\msoe_lib\Debug\libmsoe_lib.a(stm32_adafruit_lcd.o)
                0x0000000008001018                BSP_LCD_GetYSize
 .text.BSP_LCD_SetTextColor
                0x0000000008001030       0x20 C:\Users\nikiemao\STM32CubeIDE\workspace_1.14.1\msoe_lib_arch\msoe_lib\Debug\libmsoe_lib.a(stm32_adafruit_lcd.o)
                0x0000000008001030                BSP_LCD_SetTextColor
 .text.BSP_LCD_SetFont
                0x0000000008001050       0x20 C:\Users\nikiemao\STM32CubeIDE\workspace_1.14.1\msoe_lib_arch\msoe_lib\Debug\libmsoe_lib.a(stm32_adafruit_lcd.o)
                0x0000000008001050                BSP_LCD_SetFont
 .text.BSP_LCD_GetFont
                0x0000000008001070       0x18 C:\Users\nikiemao\STM32CubeIDE\workspace_1.14.1\msoe_lib_arch\msoe_lib\Debug\libmsoe_lib.a(stm32_adafruit_lcd.o)
                0x0000000008001070                BSP_LCD_GetFont
 .text.BSP_LCD_Clear
                0x0000000008001088       0x68 C:\Users\nikiemao\STM32CubeIDE\workspace_1.14.1\msoe_lib_arch\msoe_lib\Debug\libmsoe_lib.a(stm32_adafruit_lcd.o)
                0x0000000008001088                BSP_LCD_Clear
 .text.BSP_LCD_DisplayChar
                0x00000000080010f0       0x54 C:\Users\nikiemao\STM32CubeIDE\workspace_1.14.1\msoe_lib_arch\msoe_lib\Debug\libmsoe_lib.a(stm32_adafruit_lcd.o)
                0x00000000080010f0                BSP_LCD_DisplayChar
 .text.BSP_LCD_DisplayStringAt
                0x0000000008001144      0x11c C:\Users\nikiemao\STM32CubeIDE\workspace_1.14.1\msoe_lib_arch\msoe_lib\Debug\libmsoe_lib.a(stm32_adafruit_lcd.o)
                0x0000000008001144                BSP_LCD_DisplayStringAt
 .text.BSP_LCD_DrawPixel
                0x0000000008001260       0x38 C:\Users\nikiemao\STM32CubeIDE\workspace_1.14.1\msoe_lib_arch\msoe_lib\Debug\libmsoe_lib.a(stm32_adafruit_lcd.o)
                0x0000000008001260                BSP_LCD_DrawPixel
 .text.BSP_LCD_DrawHLine
                0x0000000008001298       0x74 C:\Users\nikiemao\STM32CubeIDE\workspace_1.14.1\msoe_lib_arch\msoe_lib\Debug\libmsoe_lib.a(stm32_adafruit_lcd.o)
                0x0000000008001298                BSP_LCD_DrawHLine
 .text.BSP_LCD_DrawBitmap
                0x000000000800130c       0xbc C:\Users\nikiemao\STM32CubeIDE\workspace_1.14.1\msoe_lib_arch\msoe_lib\Debug\libmsoe_lib.a(stm32_adafruit_lcd.o)
                0x000000000800130c                BSP_LCD_DrawBitmap
 .text.DrawChar
                0x00000000080013c8      0x1e4 C:\Users\nikiemao\STM32CubeIDE\workspace_1.14.1\msoe_lib_arch\msoe_lib\Debug\libmsoe_lib.a(stm32_adafruit_lcd.o)
 .text.SetDisplayWindow
                0x00000000080015ac       0x44 C:\Users\nikiemao\STM32CubeIDE\workspace_1.14.1\msoe_lib_arch\msoe_lib\Debug\libmsoe_lib.a(stm32_adafruit_lcd.o)
 .text.__libc_init_array
                0x00000000080015f0       0x48 C:/ST/STM32CubeIDE/STM32CubeIDE/plugins/com.st.stm32cube.ide.mcu.externaltools.gnu-tools-for-stm32.11.3.rel1.win32_1.1.100.202309141235/tools/bin/../lib/gcc/arm-none-eabi/11.3.1/../../../../arm-none-eabi/lib/thumb/v8-m.main+fp/hard\libc_nano.a(libc_a-init.o)
                0x00000000080015f0                __libc_init_array
 *(.glue_7)
 .glue_7        0x0000000008001638        0x0 linker stubs
 *(.glue_7t)
 .glue_7t       0x0000000008001638        0x0 linker stubs
 *(.eh_frame)
 .eh_frame      0x0000000008001638        0x0 C:/ST/STM32CubeIDE/STM32CubeIDE/plugins/com.st.stm32cube.ide.mcu.externaltools.gnu-tools-for-stm32.11.3.rel1.win32_1.1.100.202309141235/tools/bin/../lib/gcc/arm-none-eabi/11.3.1/thumb/v8-m.main+fp/hard/crtbegin.o
 *(.init)
 .init          0x0000000008001638        0x4 C:/ST/STM32CubeIDE/STM32CubeIDE/plugins/com.st.stm32cube.ide.mcu.externaltools.gnu-tools-for-stm32.11.3.rel1.win32_1.1.100.202309141235/tools/bin/../lib/gcc/arm-none-eabi/11.3.1/thumb/v8-m.main+fp/hard/crti.o
                0x0000000008001638                _init
 .init          0x000000000800163c        0x8 C:/ST/STM32CubeIDE/STM32CubeIDE/plugins/com.st.stm32cube.ide.mcu.externaltools.gnu-tools-for-stm32.11.3.rel1.win32_1.1.100.202309141235/tools/bin/../lib/gcc/arm-none-eabi/11.3.1/thumb/v8-m.main+fp/hard/crtn.o
 *(.fini)
 .fini          0x0000000008001644        0x4 C:/ST/STM32CubeIDE/STM32CubeIDE/plugins/com.st.stm32cube.ide.mcu.externaltools.gnu-tools-for-stm32.11.3.rel1.win32_1.1.100.202309141235/tools/bin/../lib/gcc/arm-none-eabi/11.3.1/thumb/v8-m.main+fp/hard/crti.o
                0x0000000008001644                _fini
 .fini          0x0000000008001648        0x8 C:/ST/STM32CubeIDE/STM32CubeIDE/plugins/com.st.stm32cube.ide.mcu.externaltools.gnu-tools-for-stm32.11.3.rel1.win32_1.1.100.202309141235/tools/bin/../lib/gcc/arm-none-eabi/11.3.1/thumb/v8-m.main+fp/hard/crtn.o
                0x0000000008001650                _etext = .

.vfp11_veneer   0x0000000008001650        0x0
 .vfp11_veneer  0x0000000008001650        0x0 linker stubs

.v4_bx          0x0000000008001650        0x0
 .v4_bx         0x0000000008001650        0x0 linker stubs

.iplt           0x0000000008001650        0x0
 .iplt          0x0000000008001650        0x0 C:/ST/STM32CubeIDE/STM32CubeIDE/plugins/com.st.stm32cube.ide.mcu.externaltools.gnu-tools-for-stm32.11.3.rel1.win32_1.1.100.202309141235/tools/bin/../lib/gcc/arm-none-eabi/11.3.1/thumb/v8-m.main+fp/hard/crtbegin.o

.rodata         0x0000000008001650     0x1f68
 *(.rodata)
 .rodata        0x0000000008001650       0x3a ./Core/Src/tool_time.o
 *(.rodata*)
 *fill*         0x000000000800168a        0x2 
 .rodata.Font24_Table
                0x000000000800168c     0x1ab8 C:\Users\nikiemao\STM32CubeIDE\workspace_1.14.1\msoe_lib_arch\msoe_lib\Debug\libmsoe_lib.a(stm32_adafruit_lcd.o)
                0x000000000800168c                Font24_Table
 .rodata.Font12_Table
                0x0000000008003144      0x474 C:\Users\nikiemao\STM32CubeIDE\workspace_1.14.1\msoe_lib_arch\msoe_lib\Debug\libmsoe_lib.a(stm32_adafruit_lcd.o)
                0x0000000008003144                Font12_Table

.rel.dyn        0x00000000080035b8        0x0
 .rel.iplt      0x00000000080035b8        0x0 C:/ST/STM32CubeIDE/STM32CubeIDE/plugins/com.st.stm32cube.ide.mcu.externaltools.gnu-tools-for-stm32.11.3.rel1.win32_1.1.100.202309141235/tools/bin/../lib/gcc/arm-none-eabi/11.3.1/thumb/v8-m.main+fp/hard/crtbegin.o

.ARM.extab
 *(.ARM.extab* .gnu.linkonce.armextab.*)

.ARM            0x00000000080035b8        0x0
                0x00000000080035b8                __exidx_start = .
 *(.ARM.exidx*)
                0x00000000080035b8                __exidx_end = .

.preinit_array  0x00000000080035b8        0x0
                0x00000000080035b8                PROVIDE (__preinit_array_start = .)
 *(.preinit_array*)
                0x00000000080035b8                PROVIDE (__preinit_array_end = .)

.init_array     0x00000000080035b8        0x4
                0x00000000080035b8                PROVIDE (__init_array_start = .)
 *(SORT_BY_NAME(.init_array.*))
 *(.init_array*)
 .init_array    0x00000000080035b8        0x4 C:/ST/STM32CubeIDE/STM32CubeIDE/plugins/com.st.stm32cube.ide.mcu.externaltools.gnu-tools-for-stm32.11.3.rel1.win32_1.1.100.202309141235/tools/bin/../lib/gcc/arm-none-eabi/11.3.1/thumb/v8-m.main+fp/hard/crtbegin.o
                0x00000000080035bc                PROVIDE (__init_array_end = .)

.fini_array     0x00000000080035bc        0x4
                [!provide]                        PROVIDE (__fini_array_start = .)
 *(SORT_BY_NAME(.fini_array.*))
 *(.fini_array*)
 .fini_array    0x00000000080035bc        0x4 C:/ST/STM32CubeIDE/STM32CubeIDE/plugins/com.st.stm32cube.ide.mcu.externaltools.gnu-tools-for-stm32.11.3.rel1.win32_1.1.100.202309141235/tools/bin/../lib/gcc/arm-none-eabi/11.3.1/thumb/v8-m.main+fp/hard/crtbegin.o
                [!provide]                        PROVIDE (__fini_array_end = .)
                0x00000000080035c0                _sidata = LOADADDR (.data)

.data           0x0000000020000000       0x4c load address 0x00000000080035c0
                0x0000000020000000                _sdata = .
 *(.data)
 *(.data*)
 .data.uwTickFreq
                0x0000000020000000        0x1 ./Drivers/STM32U5xx_HAL_Driver/Src/stm32u5xx_hal.o
                0x0000000020000000                uwTickFreq
 *fill*         0x0000000020000001        0x3 
 .data.st7735_drv
                0x0000000020000004       0x38 C:\Users\nikiemao\STM32CubeIDE\workspace_1.14.1\msoe_lib_arch\msoe_lib\Debug\libmsoe_lib.a(st7735.o)
                0x0000000020000004                st7735_drv
 .data.Font24   0x000000002000003c        0x8 C:\Users\nikiemao\STM32CubeIDE\workspace_1.14.1\msoe_lib_arch\msoe_lib\Debug\libmsoe_lib.a(stm32_adafruit_lcd.o)
                0x000000002000003c                Font24
 .data.Font12   0x0000000020000044        0x8 C:\Users\nikiemao\STM32CubeIDE\workspace_1.14.1\msoe_lib_arch\msoe_lib\Debug\libmsoe_lib.a(stm32_adafruit_lcd.o)
                0x0000000020000044                Font12
 *(.RamFunc)
 *(.RamFunc*)
                0x000000002000004c                _edata = .

.igot.plt       0x000000002000004c        0x0 load address 0x000000000800360c
 .igot.plt      0x000000002000004c        0x0 C:/ST/STM32CubeIDE/STM32CubeIDE/plugins/com.st.stm32cube.ide.mcu.externaltools.gnu-tools-for-stm32.11.3.rel1.win32_1.1.100.202309141235/tools/bin/../lib/gcc/arm-none-eabi/11.3.1/thumb/v8-m.main+fp/hard/crtbegin.o

.bss            0x000000002000004c      0x596 load address 0x000000000800360c
                0x000000002000004c                _sbss = .
                0x000000002000004c                __bss_start__ = _sbss
 *(.bss)
 .bss           0x000000002000004c       0x1c C:/ST/STM32CubeIDE/STM32CubeIDE/plugins/com.st.stm32cube.ide.mcu.externaltools.gnu-tools-for-stm32.11.3.rel1.win32_1.1.100.202309141235/tools/bin/../lib/gcc/arm-none-eabi/11.3.1/thumb/v8-m.main+fp/hard/crtbegin.o
 *(.bss*)
 .bss.uwTick    0x0000000020000068        0x4 ./Drivers/STM32U5xx_HAL_Driver/Src/stm32u5xx_hal.o
                0x0000000020000068                uwTick
 .bss.ArrayRGB  0x000000002000006c      0x200 C:\Users\nikiemao\STM32CubeIDE\workspace_1.14.1\msoe_lib_arch\msoe_lib\Debug\libmsoe_lib.a(st7735.o)
 .bss.DrawProp  0x000000002000026c        0xc C:\Users\nikiemao\STM32CubeIDE\workspace_1.14.1\msoe_lib_arch\msoe_lib\Debug\libmsoe_lib.a(stm32_adafruit_lcd.o)
                0x000000002000026c                DrawProp
 .bss.lcd_drv   0x0000000020000278        0x4 C:\Users\nikiemao\STM32CubeIDE\workspace_1.14.1\msoe_lib_arch\msoe_lib\Debug\libmsoe_lib.a(stm32_adafruit_lcd.o)
 .bss.bitmap    0x000000002000027c      0x366 C:\Users\nikiemao\STM32CubeIDE\workspace_1.14.1\msoe_lib_arch\msoe_lib\Debug\libmsoe_lib.a(stm32_adafruit_lcd.o)
 *(COMMON)
                0x00000000200005e2                _ebss = .
                0x00000000200005e2                __bss_end__ = _ebss

._user_heap_stack
                0x00000000200005e2      0x606 load address 0x000000000800360c
                0x00000000200005e8                . = ALIGN (0x8)
 *fill*         0x00000000200005e2        0x6 
                [!provide]                        PROVIDE (end = .)
                0x00000000200005e8                PROVIDE (_end = .)
                0x00000000200007e8                . = (. + _Min_Heap_Size)
 *fill*         0x00000000200005e8      0x200 
                0x0000000020000be8                . = (. + _Min_Stack_Size)
 *fill*         0x00000000200007e8      0x400 
                0x0000000020000be8                . = ALIGN (0x8)

/DISCARD/
 libc.a(*)
 libm.a(*)
 libgcc.a(*)

.ARM.attributes
                0x0000000000000000       0x36
 *(.ARM.attributes)
 .ARM.attributes
                0x0000000000000000       0x22 C:/ST/STM32CubeIDE/STM32CubeIDE/plugins/com.st.stm32cube.ide.mcu.externaltools.gnu-tools-for-stm32.11.3.rel1.win32_1.1.100.202309141235/tools/bin/../lib/gcc/arm-none-eabi/11.3.1/thumb/v8-m.main+fp/hard/crti.o
 .ARM.attributes
                0x0000000000000022       0x38 C:/ST/STM32CubeIDE/STM32CubeIDE/plugins/com.st.stm32cube.ide.mcu.externaltools.gnu-tools-for-stm32.11.3.rel1.win32_1.1.100.202309141235/tools/bin/../lib/gcc/arm-none-eabi/11.3.1/thumb/v8-m.main+fp/hard/crtbegin.o
 .ARM.attributes
                0x000000000000005a       0x3a ./Core/Src/stm32u5xx_it.o
 .ARM.attributes
                0x0000000000000094       0x3a ./Core/Src/system_stm32u5xx.o
 .ARM.attributes
                0x00000000000000ce       0x3a ./Core/Src/tool_time.o
 .ARM.attributes
                0x0000000000000108       0x24 ./Core/Startup/startup_stm32u575zitxq.o
 .ARM.attributes
                0x000000000000012c       0x3a ./Drivers/STM32U5xx_HAL_Driver/Src/stm32u5xx_hal.o
 .ARM.attributes
                0x0000000000000166       0x3a C:\Users\nikiemao\STM32CubeIDE\workspace_1.14.1\msoe_lib_arch\msoe_lib\Debug\libmsoe_lib.a(msoe_clk_setup.o)
 .ARM.attributes
                0x00000000000001a0       0x3a C:\Users\nikiemao\STM32CubeIDE\workspace_1.14.1\msoe_lib_arch\msoe_lib\Debug\libmsoe_lib.a(msoe_stm_delay.o)
 .ARM.attributes
                0x00000000000001da       0x3a C:\Users\nikiemao\STM32CubeIDE\workspace_1.14.1\msoe_lib_arch\msoe_lib\Debug\libmsoe_lib.a(msoe_stm_lcd.o)
 .ARM.attributes
                0x0000000000000214       0x3a C:\Users\nikiemao\STM32CubeIDE\workspace_1.14.1\msoe_lib_arch\msoe_lib\Debug\libmsoe_lib.a(st7735.o)
 .ARM.attributes
                0x000000000000024e       0x3a C:\Users\nikiemao\STM32CubeIDE\workspace_1.14.1\msoe_lib_arch\msoe_lib\Debug\libmsoe_lib.a(stm32_adafruit_lcd.o)
 .ARM.attributes
                0x0000000000000288       0x38 C:/ST/STM32CubeIDE/STM32CubeIDE/plugins/com.st.stm32cube.ide.mcu.externaltools.gnu-tools-for-stm32.11.3.rel1.win32_1.1.100.202309141235/tools/bin/../lib/gcc/arm-none-eabi/11.3.1/../../../../arm-none-eabi/lib/thumb/v8-m.main+fp/hard\libc_nano.a(libc_a-init.o)
 .ARM.attributes
                0x00000000000002c0       0x22 C:/ST/STM32CubeIDE/STM32CubeIDE/plugins/com.st.stm32cube.ide.mcu.externaltools.gnu-tools-for-stm32.11.3.rel1.win32_1.1.100.202309141235/tools/bin/../lib/gcc/arm-none-eabi/11.3.1/thumb/v8-m.main+fp/hard/crtn.o
OUTPUT(ELE4610_lab1.elf elf32-littlearm)
LOAD linker stubs
LOAD C:/ST/STM32CubeIDE/STM32CubeIDE/plugins/com.st.stm32cube.ide.mcu.externaltools.gnu-tools-for-stm32.11.3.rel1.win32_1.1.100.202309141235/tools/bin/../lib/gcc/arm-none-eabi/11.3.1/../../../../arm-none-eabi/lib/thumb/v8-m.main+fp/hard\libc.a
LOAD C:/ST/STM32CubeIDE/STM32CubeIDE/plugins/com.st.stm32cube.ide.mcu.externaltools.gnu-tools-for-stm32.11.3.rel1.win32_1.1.100.202309141235/tools/bin/../lib/gcc/arm-none-eabi/11.3.1/../../../../arm-none-eabi/lib/thumb/v8-m.main+fp/hard\libm.a
LOAD C:/ST/STM32CubeIDE/STM32CubeIDE/plugins/com.st.stm32cube.ide.mcu.externaltools.gnu-tools-for-stm32.11.3.rel1.win32_1.1.100.202309141235/tools/bin/../lib/gcc/arm-none-eabi/11.3.1/thumb/v8-m.main+fp/hard\libgcc.a

.comment        0x0000000000000000       0x43
 .comment       0x0000000000000000       0x43 C:/ST/STM32CubeIDE/STM32CubeIDE/plugins/com.st.stm32cube.ide.mcu.externaltools.gnu-tools-for-stm32.11.3.rel1.win32_1.1.100.202309141235/tools/bin/../lib/gcc/arm-none-eabi/11.3.1/thumb/v8-m.main+fp/hard/crtbegin.o
                                         0x44 (size before relaxing)
 .comment       0x0000000000000043       0x44 ./Core/Src/stm32u5xx_it.o
 .comment       0x0000000000000043       0x44 ./Core/Src/system_stm32u5xx.o
 .comment       0x0000000000000043       0x44 ./Core/Src/tool_time.o
 .comment       0x0000000000000043       0x44 ./Drivers/STM32U5xx_HAL_Driver/Src/stm32u5xx_hal.o
 .comment       0x0000000000000043       0x44 C:\Users\nikiemao\STM32CubeIDE\workspace_1.14.1\msoe_lib_arch\msoe_lib\Debug\libmsoe_lib.a(msoe_clk_setup.o)
 .comment       0x0000000000000043       0x44 C:\Users\nikiemao\STM32CubeIDE\workspace_1.14.1\msoe_lib_arch\msoe_lib\Debug\libmsoe_lib.a(msoe_stm_delay.o)
 .comment       0x0000000000000043       0x44 C:\Users\nikiemao\STM32CubeIDE\workspace_1.14.1\msoe_lib_arch\msoe_lib\Debug\libmsoe_lib.a(msoe_stm_lcd.o)
 .comment       0x0000000000000043       0x44 C:\Users\nikiemao\STM32CubeIDE\workspace_1.14.1\msoe_lib_arch\msoe_lib\Debug\libmsoe_lib.a(st7735.o)
 .comment       0x0000000000000043       0x44 C:\Users\nikiemao\STM32CubeIDE\workspace_1.14.1\msoe_lib_arch\msoe_lib\Debug\libmsoe_lib.a(stm32_adafruit_lcd.o)

.debug_info     0x0000000000000000     0x5689
 .debug_info    0x0000000000000000      0x16c ./Core/Src/stm32u5xx_it.o
 .debug_info    0x000000000000016c      0x929 ./Core/Src/system_stm32u5xx.o
 .debug_info    0x0000000000000a95      0x794 ./Core/Src/tool_time.o
 .debug_info    0x0000000000001229       0x23 ./Core/Startup/startup_stm32u575zitxq.o
 .debug_info    0x000000000000124c     0x11ab ./Drivers/STM32U5xx_HAL_Driver/Src/stm32u5xx_hal.o
 .debug_info    0x00000000000023f7      0xa06 C:\Users\nikiemao\STM32CubeIDE\workspace_1.14.1\msoe_lib_arch\msoe_lib\Debug\libmsoe_lib.a(msoe_clk_setup.o)
 .debug_info    0x0000000000002dfd      0x4ed C:\Users\nikiemao\STM32CubeIDE\workspace_1.14.1\msoe_lib_arch\msoe_lib\Debug\libmsoe_lib.a(msoe_stm_delay.o)
 .debug_info    0x00000000000032ea      0xdbf C:\Users\nikiemao\STM32CubeIDE\workspace_1.14.1\msoe_lib_arch\msoe_lib\Debug\libmsoe_lib.a(msoe_stm_lcd.o)
 .debug_info    0x00000000000040a9      0x575 C:\Users\nikiemao\STM32CubeIDE\workspace_1.14.1\msoe_lib_arch\msoe_lib\Debug\libmsoe_lib.a(st7735.o)
 .debug_info    0x000000000000461e     0x106b C:\Users\nikiemao\STM32CubeIDE\workspace_1.14.1\msoe_lib_arch\msoe_lib\Debug\libmsoe_lib.a(stm32_adafruit_lcd.o)

.debug_abbrev   0x0000000000000000      0xeaa
 .debug_abbrev  0x0000000000000000       0xac ./Core/Src/stm32u5xx_it.o
 .debug_abbrev  0x00000000000000ac      0x129 ./Core/Src/system_stm32u5xx.o
 .debug_abbrev  0x00000000000001d5      0x187 ./Core/Src/tool_time.o
 .debug_abbrev  0x000000000000035c       0x12 ./Core/Startup/startup_stm32u575zitxq.o
 .debug_abbrev  0x000000000000036e      0x292 ./Drivers/STM32U5xx_HAL_Driver/Src/stm32u5xx_hal.o
 .debug_abbrev  0x0000000000000600      0x11f C:\Users\nikiemao\STM32CubeIDE\workspace_1.14.1\msoe_lib_arch\msoe_lib\Debug\libmsoe_lib.a(msoe_clk_setup.o)
 .debug_abbrev  0x000000000000071f      0x105 C:\Users\nikiemao\STM32CubeIDE\workspace_1.14.1\msoe_lib_arch\msoe_lib\Debug\libmsoe_lib.a(msoe_stm_delay.o)
 .debug_abbrev  0x0000000000000824      0x2a4 C:\Users\nikiemao\STM32CubeIDE\workspace_1.14.1\msoe_lib_arch\msoe_lib\Debug\libmsoe_lib.a(msoe_stm_lcd.o)
 .debug_abbrev  0x0000000000000ac8      0x181 C:\Users\nikiemao\STM32CubeIDE\workspace_1.14.1\msoe_lib_arch\msoe_lib\Debug\libmsoe_lib.a(st7735.o)
 .debug_abbrev  0x0000000000000c49      0x261 C:\Users\nikiemao\STM32CubeIDE\workspace_1.14.1\msoe_lib_arch\msoe_lib\Debug\libmsoe_lib.a(stm32_adafruit_lcd.o)

.debug_aranges  0x0000000000000000      0x4e0
 .debug_aranges
                0x0000000000000000       0x60 ./Core/Src/stm32u5xx_it.o
 .debug_aranges
                0x0000000000000060       0x28 ./Core/Src/system_stm32u5xx.o
 .debug_aranges
                0x0000000000000088       0x30 ./Core/Src/tool_time.o
 .debug_aranges
                0x00000000000000b8       0x28 ./Core/Startup/startup_stm32u575zitxq.o
 .debug_aranges
                0x00000000000000e0      0x138 ./Drivers/STM32U5xx_HAL_Driver/Src/stm32u5xx_hal.o
 .debug_aranges
                0x0000000000000218       0x28 C:\Users\nikiemao\STM32CubeIDE\workspace_1.14.1\msoe_lib_arch\msoe_lib\Debug\libmsoe_lib.a(msoe_clk_setup.o)
 .debug_aranges
                0x0000000000000240       0x30 C:\Users\nikiemao\STM32CubeIDE\workspace_1.14.1\msoe_lib_arch\msoe_lib\Debug\libmsoe_lib.a(msoe_stm_delay.o)
 .debug_aranges
                0x0000000000000270       0xe0 C:\Users\nikiemao\STM32CubeIDE\workspace_1.14.1\msoe_lib_arch\msoe_lib\Debug\libmsoe_lib.a(msoe_stm_lcd.o)
 .debug_aranges
                0x0000000000000350       0x78 C:\Users\nikiemao\STM32CubeIDE\workspace_1.14.1\msoe_lib_arch\msoe_lib\Debug\libmsoe_lib.a(st7735.o)
 .debug_aranges
                0x00000000000003c8      0x118 C:\Users\nikiemao\STM32CubeIDE\workspace_1.14.1\msoe_lib_arch\msoe_lib\Debug\libmsoe_lib.a(stm32_adafruit_lcd.o)

.debug_rnglists
                0x0000000000000000      0x398
 .debug_rnglists
                0x0000000000000000       0x43 ./Core/Src/stm32u5xx_it.o
 .debug_rnglists
                0x0000000000000043       0x1a ./Core/Src/system_stm32u5xx.o
 .debug_rnglists
                0x000000000000005d       0x20 ./Core/Src/tool_time.o
 .debug_rnglists
                0x000000000000007d       0x19 ./Core/Startup/startup_stm32u575zitxq.o
 .debug_rnglists
                0x0000000000000096       0xe6 ./Drivers/STM32U5xx_HAL_Driver/Src/stm32u5xx_hal.o
 .debug_rnglists
                0x000000000000017c       0x1a C:\Users\nikiemao\STM32CubeIDE\workspace_1.14.1\msoe_lib_arch\msoe_lib\Debug\libmsoe_lib.a(msoe_clk_setup.o)
 .debug_rnglists
                0x0000000000000196       0x21 C:\Users\nikiemao\STM32CubeIDE\workspace_1.14.1\msoe_lib_arch\msoe_lib\Debug\libmsoe_lib.a(msoe_stm_delay.o)
 .debug_rnglists
                0x00000000000001b7       0xb1 C:\Users\nikiemao\STM32CubeIDE\workspace_1.14.1\msoe_lib_arch\msoe_lib\Debug\libmsoe_lib.a(msoe_stm_lcd.o)
 .debug_rnglists
                0x0000000000000268       0x58 C:\Users\nikiemao\STM32CubeIDE\workspace_1.14.1\msoe_lib_arch\msoe_lib\Debug\libmsoe_lib.a(st7735.o)
 .debug_rnglists
                0x00000000000002c0       0xd8 C:\Users\nikiemao\STM32CubeIDE\workspace_1.14.1\msoe_lib_arch\msoe_lib\Debug\libmsoe_lib.a(stm32_adafruit_lcd.o)

.debug_macro    0x0000000000000000    0x378c3
 .debug_macro   0x0000000000000000      0x335 ./Core/Src/stm32u5xx_it.o
 .debug_macro   0x0000000000000335      0x2b1 ./Core/Src/system_stm32u5xx.o
 .debug_macro   0x00000000000005e6      0x32b ./Core/Src/tool_time.o
 .debug_macro   0x0000000000000911      0x2ce ./Drivers/STM32U5xx_HAL_Driver/Src/stm32u5xx_hal.o
 .debug_macro   0x0000000000000bdf      0x566 C:\Users\nikiemao\STM32CubeIDE\workspace_1.14.1\msoe_lib_arch\msoe_lib\Debug\libmsoe_lib.a(msoe_clk_setup.o)
 .debug_macro   0x0000000000001145      0xaae C:\Users\nikiemao\STM32CubeIDE\workspace_1.14.1\msoe_lib_arch\msoe_lib\Debug\libmsoe_lib.a(msoe_clk_setup.o)
 .debug_macro   0x0000000000001bf3       0x2e C:\Users\nikiemao\STM32CubeIDE\workspace_1.14.1\msoe_lib_arch\msoe_lib\Debug\libmsoe_lib.a(msoe_clk_setup.o)
 .debug_macro   0x0000000000001c21       0x1c C:\Users\nikiemao\STM32CubeIDE\workspace_1.14.1\msoe_lib_arch\msoe_lib\Debug\libmsoe_lib.a(msoe_clk_setup.o)
 .debug_macro   0x0000000000001c3d       0x29 C:\Users\nikiemao\STM32CubeIDE\workspace_1.14.1\msoe_lib_arch\msoe_lib\Debug\libmsoe_lib.a(msoe_clk_setup.o)
 .debug_macro   0x0000000000001c66       0xfb C:\Users\nikiemao\STM32CubeIDE\workspace_1.14.1\msoe_lib_arch\msoe_lib\Debug\libmsoe_lib.a(msoe_clk_setup.o)
 .debug_macro   0x0000000000001d61     0x1336 C:\Users\nikiemao\STM32CubeIDE\workspace_1.14.1\msoe_lib_arch\msoe_lib\Debug\libmsoe_lib.a(msoe_clk_setup.o)
 .debug_macro   0x0000000000003097       0x5e C:\Users\nikiemao\STM32CubeIDE\workspace_1.14.1\msoe_lib_arch\msoe_lib\Debug\libmsoe_lib.a(msoe_clk_setup.o)
 .debug_macro   0x00000000000030f5    0x226de C:\Users\nikiemao\STM32CubeIDE\workspace_1.14.1\msoe_lib_arch\msoe_lib\Debug\libmsoe_lib.a(msoe_clk_setup.o)
 .debug_macro   0x00000000000257d3       0x6d C:\Users\nikiemao\STM32CubeIDE\workspace_1.14.1\msoe_lib_arch\msoe_lib\Debug\libmsoe_lib.a(msoe_clk_setup.o)
 .debug_macro   0x0000000000025840      0x301 C:\Users\nikiemao\STM32CubeIDE\workspace_1.14.1\msoe_lib_arch\msoe_lib\Debug\libmsoe_lib.a(msoe_clk_setup.o)
 .debug_macro   0x0000000000025b41     0x3882 C:\Users\nikiemao\STM32CubeIDE\workspace_1.14.1\msoe_lib_arch\msoe_lib\Debug\libmsoe_lib.a(msoe_clk_setup.o)
 .debug_macro   0x00000000000293c3     0x1b55 C:\Users\nikiemao\STM32CubeIDE\workspace_1.14.1\msoe_lib_arch\msoe_lib\Debug\libmsoe_lib.a(msoe_clk_setup.o)
 .debug_macro   0x000000000002af18      0x7ff C:\Users\nikiemao\STM32CubeIDE\workspace_1.14.1\msoe_lib_arch\msoe_lib\Debug\libmsoe_lib.a(msoe_clk_setup.o)
 .debug_macro   0x000000000002b717      0x29c C:\Users\nikiemao\STM32CubeIDE\workspace_1.14.1\msoe_lib_arch\msoe_lib\Debug\libmsoe_lib.a(msoe_clk_setup.o)
 .debug_macro   0x000000000002b9b3       0xb6 C:\Users\nikiemao\STM32CubeIDE\workspace_1.14.1\msoe_lib_arch\msoe_lib\Debug\libmsoe_lib.a(msoe_clk_setup.o)
 .debug_macro   0x000000000002ba69      0x3fd C:\Users\nikiemao\STM32CubeIDE\workspace_1.14.1\msoe_lib_arch\msoe_lib\Debug\libmsoe_lib.a(msoe_clk_setup.o)
 .debug_macro   0x000000000002be66      0x5a5 C:\Users\nikiemao\STM32CubeIDE\workspace_1.14.1\msoe_lib_arch\msoe_lib\Debug\libmsoe_lib.a(msoe_clk_setup.o)
 .debug_macro   0x000000000002c40b      0x432 C:\Users\nikiemao\STM32CubeIDE\workspace_1.14.1\msoe_lib_arch\msoe_lib\Debug\libmsoe_lib.a(msoe_clk_setup.o)
 .debug_macro   0x000000000002c83d       0xd6 C:\Users\nikiemao\STM32CubeIDE\workspace_1.14.1\msoe_lib_arch\msoe_lib\Debug\libmsoe_lib.a(msoe_clk_setup.o)
 .debug_macro   0x000000000002c913      0x26a C:\Users\nikiemao\STM32CubeIDE\workspace_1.14.1\msoe_lib_arch\msoe_lib\Debug\libmsoe_lib.a(msoe_clk_setup.o)
 .debug_macro   0x000000000002cb7d     0x140e C:\Users\nikiemao\STM32CubeIDE\workspace_1.14.1\msoe_lib_arch\msoe_lib\Debug\libmsoe_lib.a(msoe_clk_setup.o)
 .debug_macro   0x000000000002df8b      0x949 C:\Users\nikiemao\STM32CubeIDE\workspace_1.14.1\msoe_lib_arch\msoe_lib\Debug\libmsoe_lib.a(msoe_clk_setup.o)
 .debug_macro   0x000000000002e8d4      0x2be C:\Users\nikiemao\STM32CubeIDE\workspace_1.14.1\msoe_lib_arch\msoe_lib\Debug\libmsoe_lib.a(msoe_clk_setup.o)
 .debug_macro   0x000000000002eb92       0xc7 C:\Users\nikiemao\STM32CubeIDE\workspace_1.14.1\msoe_lib_arch\msoe_lib\Debug\libmsoe_lib.a(msoe_clk_setup.o)
 .debug_macro   0x000000000002ec59       0x4c C:\Users\nikiemao\STM32CubeIDE\workspace_1.14.1\msoe_lib_arch\msoe_lib\Debug\libmsoe_lib.a(msoe_clk_setup.o)
 .debug_macro   0x000000000002eca5      0x1ca C:\Users\nikiemao\STM32CubeIDE\workspace_1.14.1\msoe_lib_arch\msoe_lib\Debug\libmsoe_lib.a(msoe_clk_setup.o)
 .debug_macro   0x000000000002ee6f       0xe5 C:\Users\nikiemao\STM32CubeIDE\workspace_1.14.1\msoe_lib_arch\msoe_lib\Debug\libmsoe_lib.a(msoe_clk_setup.o)
 .debug_macro   0x000000000002ef54      0x122 C:\Users\nikiemao\STM32CubeIDE\workspace_1.14.1\msoe_lib_arch\msoe_lib\Debug\libmsoe_lib.a(msoe_clk_setup.o)
 .debug_macro   0x000000000002f076      0x340 C:\Users\nikiemao\STM32CubeIDE\workspace_1.14.1\msoe_lib_arch\msoe_lib\Debug\libmsoe_lib.a(msoe_clk_setup.o)
 .debug_macro   0x000000000002f3b6      0x830 C:\Users\nikiemao\STM32CubeIDE\workspace_1.14.1\msoe_lib_arch\msoe_lib\Debug\libmsoe_lib.a(msoe_clk_setup.o)
 .debug_macro   0x000000000002fbe6      0x23b C:\Users\nikiemao\STM32CubeIDE\workspace_1.14.1\msoe_lib_arch\msoe_lib\Debug\libmsoe_lib.a(msoe_clk_setup.o)
 .debug_macro   0x000000000002fe21       0x28 C:\Users\nikiemao\STM32CubeIDE\workspace_1.14.1\msoe_lib_arch\msoe_lib\Debug\libmsoe_lib.a(msoe_clk_setup.o)
 .debug_macro   0x000000000002fe49       0x12 C:\Users\nikiemao\STM32CubeIDE\workspace_1.14.1\msoe_lib_arch\msoe_lib\Debug\libmsoe_lib.a(msoe_clk_setup.o)
 .debug_macro   0x000000000002fe5b       0x88 C:\Users\nikiemao\STM32CubeIDE\workspace_1.14.1\msoe_lib_arch\msoe_lib\Debug\libmsoe_lib.a(msoe_clk_setup.o)
 .debug_macro   0x000000000002fee3       0xe3 C:\Users\nikiemao\STM32CubeIDE\workspace_1.14.1\msoe_lib_arch\msoe_lib\Debug\libmsoe_lib.a(msoe_clk_setup.o)
 .debug_macro   0x000000000002ffc6      0x23a C:\Users\nikiemao\STM32CubeIDE\workspace_1.14.1\msoe_lib_arch\msoe_lib\Debug\libmsoe_lib.a(msoe_clk_setup.o)
 .debug_macro   0x0000000000030200      0x123 C:\Users\nikiemao\STM32CubeIDE\workspace_1.14.1\msoe_lib_arch\msoe_lib\Debug\libmsoe_lib.a(msoe_clk_setup.o)
 .debug_macro   0x0000000000030323       0xa5 C:\Users\nikiemao\STM32CubeIDE\workspace_1.14.1\msoe_lib_arch\msoe_lib\Debug\libmsoe_lib.a(msoe_clk_setup.o)
 .debug_macro   0x00000000000303c8       0xa1 C:\Users\nikiemao\STM32CubeIDE\workspace_1.14.1\msoe_lib_arch\msoe_lib\Debug\libmsoe_lib.a(msoe_clk_setup.o)
 .debug_macro   0x0000000000030469      0x378 C:\Users\nikiemao\STM32CubeIDE\workspace_1.14.1\msoe_lib_arch\msoe_lib\Debug\libmsoe_lib.a(msoe_clk_setup.o)
 .debug_macro   0x00000000000307e1      0x3fb C:\Users\nikiemao\STM32CubeIDE\workspace_1.14.1\msoe_lib_arch\msoe_lib\Debug\libmsoe_lib.a(msoe_clk_setup.o)
 .debug_macro   0x0000000000030bdc       0xff C:\Users\nikiemao\STM32CubeIDE\workspace_1.14.1\msoe_lib_arch\msoe_lib\Debug\libmsoe_lib.a(msoe_clk_setup.o)
 .debug_macro   0x0000000000030cdb       0x1c C:\Users\nikiemao\STM32CubeIDE\workspace_1.14.1\msoe_lib_arch\msoe_lib\Debug\libmsoe_lib.a(msoe_clk_setup.o)
 .debug_macro   0x0000000000030cf7      0x520 C:\Users\nikiemao\STM32CubeIDE\workspace_1.14.1\msoe_lib_arch\msoe_lib\Debug\libmsoe_lib.a(msoe_clk_setup.o)
 .debug_macro   0x0000000000031217       0xa4 C:\Users\nikiemao\STM32CubeIDE\workspace_1.14.1\msoe_lib_arch\msoe_lib\Debug\libmsoe_lib.a(msoe_clk_setup.o)
 .debug_macro   0x00000000000312bb       0xad C:\Users\nikiemao\STM32CubeIDE\workspace_1.14.1\msoe_lib_arch\msoe_lib\Debug\libmsoe_lib.a(msoe_clk_setup.o)
 .debug_macro   0x0000000000031368       0x19 C:\Users\nikiemao\STM32CubeIDE\workspace_1.14.1\msoe_lib_arch\msoe_lib\Debug\libmsoe_lib.a(msoe_clk_setup.o)
 .debug_macro   0x0000000000031381      0x321 C:\Users\nikiemao\STM32CubeIDE\workspace_1.14.1\msoe_lib_arch\msoe_lib\Debug\libmsoe_lib.a(msoe_clk_setup.o)
 .debug_macro   0x00000000000316a2      0x916 C:\Users\nikiemao\STM32CubeIDE\workspace_1.14.1\msoe_lib_arch\msoe_lib\Debug\libmsoe_lib.a(msoe_clk_setup.o)
 .debug_macro   0x0000000000031fb8       0xe4 C:\Users\nikiemao\STM32CubeIDE\workspace_1.14.1\msoe_lib_arch\msoe_lib\Debug\libmsoe_lib.a(msoe_clk_setup.o)
 .debug_macro   0x000000000003209c      0x3ad C:\Users\nikiemao\STM32CubeIDE\workspace_1.14.1\msoe_lib_arch\msoe_lib\Debug\libmsoe_lib.a(msoe_clk_setup.o)
 .debug_macro   0x0000000000032449       0x10 C:\Users\nikiemao\STM32CubeIDE\workspace_1.14.1\msoe_lib_arch\msoe_lib\Debug\libmsoe_lib.a(msoe_clk_setup.o)
 .debug_macro   0x0000000000032459       0xe4 C:\Users\nikiemao\STM32CubeIDE\workspace_1.14.1\msoe_lib_arch\msoe_lib\Debug\libmsoe_lib.a(msoe_clk_setup.o)
 .debug_macro   0x000000000003253d      0x1d4 C:\Users\nikiemao\STM32CubeIDE\workspace_1.14.1\msoe_lib_arch\msoe_lib\Debug\libmsoe_lib.a(msoe_clk_setup.o)
 .debug_macro   0x0000000000032711       0x28 C:\Users\nikiemao\STM32CubeIDE\workspace_1.14.1\msoe_lib_arch\msoe_lib\Debug\libmsoe_lib.a(msoe_clk_setup.o)
 .debug_macro   0x0000000000032739      0x361 C:\Users\nikiemao\STM32CubeIDE\workspace_1.14.1\msoe_lib_arch\msoe_lib\Debug\libmsoe_lib.a(msoe_clk_setup.o)
 .debug_macro   0x0000000000032a9a      0x106 C:\Users\nikiemao\STM32CubeIDE\workspace_1.14.1\msoe_lib_arch\msoe_lib\Debug\libmsoe_lib.a(msoe_clk_setup.o)
 .debug_macro   0x0000000000032ba0      0x5cf C:\Users\nikiemao\STM32CubeIDE\workspace_1.14.1\msoe_lib_arch\msoe_lib\Debug\libmsoe_lib.a(msoe_clk_setup.o)
 .debug_macro   0x000000000003316f       0xee C:\Users\nikiemao\STM32CubeIDE\workspace_1.14.1\msoe_lib_arch\msoe_lib\Debug\libmsoe_lib.a(msoe_clk_setup.o)
 .debug_macro   0x000000000003325d       0xd6 C:\Users\nikiemao\STM32CubeIDE\workspace_1.14.1\msoe_lib_arch\msoe_lib\Debug\libmsoe_lib.a(msoe_clk_setup.o)
 .debug_macro   0x0000000000033333      0xbc5 C:\Users\nikiemao\STM32CubeIDE\workspace_1.14.1\msoe_lib_arch\msoe_lib\Debug\libmsoe_lib.a(msoe_clk_setup.o)
 .debug_macro   0x0000000000033ef8      0x4ea C:\Users\nikiemao\STM32CubeIDE\workspace_1.14.1\msoe_lib_arch\msoe_lib\Debug\libmsoe_lib.a(msoe_clk_setup.o)
 .debug_macro   0x00000000000343e2      0x3de C:\Users\nikiemao\STM32CubeIDE\workspace_1.14.1\msoe_lib_arch\msoe_lib\Debug\libmsoe_lib.a(msoe_clk_setup.o)
 .debug_macro   0x00000000000347c0      0x359 C:\Users\nikiemao\STM32CubeIDE\workspace_1.14.1\msoe_lib_arch\msoe_lib\Debug\libmsoe_lib.a(msoe_clk_setup.o)
 .debug_macro   0x0000000000034b19      0x159 C:\Users\nikiemao\STM32CubeIDE\workspace_1.14.1\msoe_lib_arch\msoe_lib\Debug\libmsoe_lib.a(msoe_clk_setup.o)
 .debug_macro   0x0000000000034c72      0x313 C:\Users\nikiemao\STM32CubeIDE\workspace_1.14.1\msoe_lib_arch\msoe_lib\Debug\libmsoe_lib.a(msoe_clk_setup.o)
 .debug_macro   0x0000000000034f85       0x31 C:\Users\nikiemao\STM32CubeIDE\workspace_1.14.1\msoe_lib_arch\msoe_lib\Debug\libmsoe_lib.a(msoe_clk_setup.o)
 .debug_macro   0x0000000000034fb6      0x31a C:\Users\nikiemao\STM32CubeIDE\workspace_1.14.1\msoe_lib_arch\msoe_lib\Debug\libmsoe_lib.a(msoe_clk_setup.o)
 .debug_macro   0x00000000000352d0      0x20b C:\Users\nikiemao\STM32CubeIDE\workspace_1.14.1\msoe_lib_arch\msoe_lib\Debug\libmsoe_lib.a(msoe_clk_setup.o)
 .debug_macro   0x00000000000354db       0xa9 C:\Users\nikiemao\STM32CubeIDE\workspace_1.14.1\msoe_lib_arch\msoe_lib\Debug\libmsoe_lib.a(msoe_clk_setup.o)
 .debug_macro   0x0000000000035584       0xa4 C:\Users\nikiemao\STM32CubeIDE\workspace_1.14.1\msoe_lib_arch\msoe_lib\Debug\libmsoe_lib.a(msoe_clk_setup.o)
 .debug_macro   0x0000000000035628      0x1f4 C:\Users\nikiemao\STM32CubeIDE\workspace_1.14.1\msoe_lib_arch\msoe_lib\Debug\libmsoe_lib.a(msoe_clk_setup.o)
 .debug_macro   0x000000000003581c      0x22c C:\Users\nikiemao\STM32CubeIDE\workspace_1.14.1\msoe_lib_arch\msoe_lib\Debug\libmsoe_lib.a(msoe_clk_setup.o)
 .debug_macro   0x0000000000035a48      0x6bd C:\Users\nikiemao\STM32CubeIDE\workspace_1.14.1\msoe_lib_arch\msoe_lib\Debug\libmsoe_lib.a(msoe_clk_setup.o)
 .debug_macro   0x0000000000036105      0x184 C:\Users\nikiemao\STM32CubeIDE\workspace_1.14.1\msoe_lib_arch\msoe_lib\Debug\libmsoe_lib.a(msoe_clk_setup.o)
 .debug_macro   0x0000000000036289      0x18a C:\Users\nikiemao\STM32CubeIDE\workspace_1.14.1\msoe_lib_arch\msoe_lib\Debug\libmsoe_lib.a(msoe_clk_setup.o)
 .debug_macro   0x0000000000036413       0xe3 C:\Users\nikiemao\STM32CubeIDE\workspace_1.14.1\msoe_lib_arch\msoe_lib\Debug\libmsoe_lib.a(msoe_clk_setup.o)
 .debug_macro   0x00000000000364f6      0x558 C:\Users\nikiemao\STM32CubeIDE\workspace_1.14.1\msoe_lib_arch\msoe_lib\Debug\libmsoe_lib.a(msoe_clk_setup.o)
 .debug_macro   0x0000000000036a4e      0x710 C:\Users\nikiemao\STM32CubeIDE\workspace_1.14.1\msoe_lib_arch\msoe_lib\Debug\libmsoe_lib.a(msoe_clk_setup.o)
 .debug_macro   0x000000000003715e       0xc9 C:\Users\nikiemao\STM32CubeIDE\workspace_1.14.1\msoe_lib_arch\msoe_lib\Debug\libmsoe_lib.a(msoe_stm_delay.o)
 .debug_macro   0x0000000000037227      0x10b C:\Users\nikiemao\STM32CubeIDE\workspace_1.14.1\msoe_lib_arch\msoe_lib\Debug\libmsoe_lib.a(msoe_stm_lcd.o)
 .debug_macro   0x0000000000037332      0x201 C:\Users\nikiemao\STM32CubeIDE\workspace_1.14.1\msoe_lib_arch\msoe_lib\Debug\libmsoe_lib.a(msoe_stm_lcd.o)
 .debug_macro   0x0000000000037533      0x1c9 C:\Users\nikiemao\STM32CubeIDE\workspace_1.14.1\msoe_lib_arch\msoe_lib\Debug\libmsoe_lib.a(msoe_stm_lcd.o)
 .debug_macro   0x00000000000376fc       0x16 C:\Users\nikiemao\STM32CubeIDE\workspace_1.14.1\msoe_lib_arch\msoe_lib\Debug\libmsoe_lib.a(msoe_stm_lcd.o)
 .debug_macro   0x0000000000037712       0x5f C:\Users\nikiemao\STM32CubeIDE\workspace_1.14.1\msoe_lib_arch\msoe_lib\Debug\libmsoe_lib.a(msoe_stm_lcd.o)
 .debug_macro   0x0000000000037771       0x7c C:\Users\nikiemao\STM32CubeIDE\workspace_1.14.1\msoe_lib_arch\msoe_lib\Debug\libmsoe_lib.a(st7735.o)
 .debug_macro   0x00000000000377ed       0xd6 C:\Users\nikiemao\STM32CubeIDE\workspace_1.14.1\msoe_lib_arch\msoe_lib\Debug\libmsoe_lib.a(stm32_adafruit_lcd.o)

.debug_line     0x0000000000000000     0x6618
 .debug_line    0x0000000000000000      0xaf5 ./Core/Src/stm32u5xx_it.o
 .debug_line    0x0000000000000af5      0x9d1 ./Core/Src/system_stm32u5xx.o
 .debug_line    0x00000000000014c6      0xa92 ./Core/Src/tool_time.o
 .debug_line    0x0000000000001f58       0x79 ./Core/Startup/startup_stm32u575zitxq.o
 .debug_line    0x0000000000001fd1      0xce3 ./Drivers/STM32U5xx_HAL_Driver/Src/stm32u5xx_hal.o
 .debug_line    0x0000000000002cb4      0xfb8 C:\Users\nikiemao\STM32CubeIDE\workspace_1.14.1\msoe_lib_arch\msoe_lib\Debug\libmsoe_lib.a(msoe_clk_setup.o)
 .debug_line    0x0000000000003c6c      0x623 C:\Users\nikiemao\STM32CubeIDE\workspace_1.14.1\msoe_lib_arch\msoe_lib\Debug\libmsoe_lib.a(msoe_stm_delay.o)
 .debug_line    0x000000000000428f      0xdc2 C:\Users\nikiemao\STM32CubeIDE\workspace_1.14.1\msoe_lib_arch\msoe_lib\Debug\libmsoe_lib.a(msoe_stm_lcd.o)
 .debug_line    0x0000000000005051      0x6c1 C:\Users\nikiemao\STM32CubeIDE\workspace_1.14.1\msoe_lib_arch\msoe_lib\Debug\libmsoe_lib.a(st7735.o)
 .debug_line    0x0000000000005712      0xf06 C:\Users\nikiemao\STM32CubeIDE\workspace_1.14.1\msoe_lib_arch\msoe_lib\Debug\libmsoe_lib.a(stm32_adafruit_lcd.o)

.debug_str      0x0000000000000000   0x1b2533
 .debug_str     0x0000000000000000   0x150e66 ./Core/Src/stm32u5xx_it.o
                                     0x152be9 (size before relaxing)
 .debug_str     0x0000000000150e66      0x3ff ./Core/Src/system_stm32u5xx.o
                                     0x140e0f (size before relaxing)
 .debug_str     0x0000000000151265      0x19a ./Core/Src/tool_time.o
                                     0x152f06 (size before relaxing)
 .debug_str     0x00000000001513ff       0x77 ./Core/Startup/startup_stm32u575zitxq.o
 .debug_str     0x0000000000151476      0xea7 ./Drivers/STM32U5xx_HAL_Driver/Src/stm32u5xx_hal.o
                                     0x141bde (size before relaxing)
 .debug_str     0x000000000015231d    0x5ec98 C:\Users\nikiemao\STM32CubeIDE\workspace_1.14.1\msoe_lib_arch\msoe_lib\Debug\libmsoe_lib.a(msoe_clk_setup.o)
                                     0x19dbc5 (size before relaxing)
 .debug_str     0x00000000001b0fb5       0x5b C:\Users\nikiemao\STM32CubeIDE\workspace_1.14.1\msoe_lib_arch\msoe_lib\Debug\libmsoe_lib.a(msoe_stm_delay.o)
                                      0xd75cd (size before relaxing)
 .debug_str     0x00000000001b1010      0xf73 C:\Users\nikiemao\STM32CubeIDE\workspace_1.14.1\msoe_lib_arch\msoe_lib\Debug\libmsoe_lib.a(msoe_stm_lcd.o)
                                      0xd8636 (size before relaxing)
 .debug_str     0x00000000001b1f83      0x137 C:\Users\nikiemao\STM32CubeIDE\workspace_1.14.1\msoe_lib_arch\msoe_lib\Debug\libmsoe_lib.a(st7735.o)
                                       0x44a3 (size before relaxing)
 .debug_str     0x00000000001b20ba      0x479 C:\Users\nikiemao\STM32CubeIDE\workspace_1.14.1\msoe_lib_arch\msoe_lib\Debug\libmsoe_lib.a(stm32_adafruit_lcd.o)
                                       0x4a91 (size before relaxing)

.debug_frame    0x0000000000000000     0x11cc
 .debug_frame   0x0000000000000000      0x104 ./Core/Src/stm32u5xx_it.o
 .debug_frame   0x0000000000000104       0x58 ./Core/Src/system_stm32u5xx.o
 .debug_frame   0x000000000000015c       0x78 ./Core/Src/tool_time.o
 .debug_frame   0x00000000000001d4      0x4c0 ./Drivers/STM32U5xx_HAL_Driver/Src/stm32u5xx_hal.o
 .debug_frame   0x0000000000000694       0x58 C:\Users\nikiemao\STM32CubeIDE\workspace_1.14.1\msoe_lib_arch\msoe_lib\Debug\libmsoe_lib.a(msoe_clk_setup.o)
 .debug_frame   0x00000000000006ec       0x80 C:\Users\nikiemao\STM32CubeIDE\workspace_1.14.1\msoe_lib_arch\msoe_lib\Debug\libmsoe_lib.a(msoe_stm_delay.o)
 .debug_frame   0x000000000000076c      0x3c4 C:\Users\nikiemao\STM32CubeIDE\workspace_1.14.1\msoe_lib_arch\msoe_lib\Debug\libmsoe_lib.a(msoe_stm_lcd.o)
 .debug_frame   0x0000000000000b30      0x1c8 C:\Users\nikiemao\STM32CubeIDE\workspace_1.14.1\msoe_lib_arch\msoe_lib\Debug\libmsoe_lib.a(st7735.o)
 .debug_frame   0x0000000000000cf8      0x4a8 C:\Users\nikiemao\STM32CubeIDE\workspace_1.14.1\msoe_lib_arch\msoe_lib\Debug\libmsoe_lib.a(stm32_adafruit_lcd.o)
 .debug_frame   0x00000000000011a0       0x2c C:/ST/STM32CubeIDE/STM32CubeIDE/plugins/com.st.stm32cube.ide.mcu.externaltools.gnu-tools-for-stm32.11.3.rel1.win32_1.1.100.202309141235/tools/bin/../lib/gcc/arm-none-eabi/11.3.1/../../../../arm-none-eabi/lib/thumb/v8-m.main+fp/hard\libc_nano.a(libc_a-init.o)

.debug_line_str
                0x0000000000000000       0x6b
 .debug_line_str
                0x0000000000000000       0x6b ./Core/Startup/startup_stm32u575zitxq.o
                                         0x84 (size before relaxing)
